
R version 4.2.1 (2022-06-23) -- "Funny-Looking Kid"
Copyright (C) 2022 The R Foundation for Statistical Computing
Platform: x86_64-pc-linux-gnu (64-bit)

R is free software and comes with ABSOLUTELY NO WARRANTY.
You are welcome to redistribute it under certain conditions.
Type 'license()' or 'licence()' for distribution details.

  Natural language support but running in an English locale

R is a collaborative project with many contributors.
Type 'contributors()' for more information and
'citation()' on how to cite R or R packages in publications.

Type 'demo()' for some demos, 'help()' for on-line help, or
'help.start()' for an HTML browser interface to help.
Type 'q()' to quit R.

> # loading required packages
> library(INLA)
Loading required package: Matrix
Loading required package: foreach
Loading required package: parallel
Loading required package: sp
This is INLA_22.05.07 built 2022-05-07 09:52:03 UTC.
 - See www.r-inla.org/contact-us for how to get help.
 - To enable PARDISO sparse library; see inla.pardiso()
> library(ISLR)
> library(glmnet)
Loaded glmnet 4.1-4
> library(smoothmest)
Loading required package: MASS
> library(mvtnorm)
> 
> # sourcing INLA-IS, INLA-AMIS and INLA-MH code
> source("inlaIS.R")
> source("genFuncs.R")
> 
> data(Hitters)
> 
> #Check NA's and fix
> 
> Hitters <- na.omit(Hitters)
> 
> #
> # The Lasso
> #
> 
> #Create variables for lasso
> x <- model.matrix(Salary ~ ., Hitters)[, -1]
> # x <- x[, 1:10] #Just for testing
> x <- scale(x)
> y <- Hitters$Salary
> y <- scale(y)
> df <- list(y = y, x = x)
> n.beta <- ncol(df$x)
> 
> # ml estimates
> ml = summary(lm(y~-1 + x, data = df))$coefficients[,1:2]
> 
> #Indices for train/test model
> set.seed(1)
> train <- sample(1:nrow(x), nrow(x)/2)
> test <- (-train)
> 
> #Grid for lambda parameter in lasso
> grid <- 10^seq(10, -2, length = 100)
> 
> #Fit lasso model for several values of lambda
> lasso.mod <- glmnet(x[train, ] , y[train], alpha = 1, lambda = grid,intercept = F)
> 
> #CV
> set.seed(1)
> cv.out <- cv.glmnet(x[train, ], y[train], alpha = 1,intercept=F)
> 
> #Take best lambda for lasso model
> bestlam <- cv.out$lambda.min
> 
> #Predcit with lasso on test data
> lasso.pred <- predict(lasso.mod, s = bestlam, newx = x[test, ])
> 
> #Fit model to complete dataset
> out <- glmnet(x, y, alpha = 1, lambda = grid,intercept=F)
> lasso.coef <- predict(out, type = "coefficients", s = bestlam)
> 
> 
> #Fitted values
> lasso.fitted <- predict(out, s = bestlam, newx = x)
> # importing dataset
> 
> # finding inverse of the precision
> stdev.samp <- .25 * solve(t(x)%*%x)
> 
> 
> fit.inla <- function(data, eta) {
+   data$oset = data$x %*% eta
+   res = inla(y ~ -1 + offset(oset), data = data)
+   res = inla.rerun(res)
+   return(list(mlik = res$mlik[[1]],
+               dists = list(tau = res$marginals.hyperpar[[1]]),
+               stats = list(tau = as.numeric(res$summary.hyperpar[1]))))
+ }
> 
> 
> 
> prior.beta <- function(x, mu = 0, lambda = 0.073, log = TRUE) {
+   res <- sum(log(ddoublex(x, mu = mu, lambda = lambda)))
+   
+   if(!log) { res <- exp(res) }
+   
+   return(res)
+ }
> 
> # initial parameters of the proposal distribution
> init = list(mu = as.numeric(lasso.coef)[-1], cov = 4*stdev.samp)
> # proposal distribution
> ## evaluate
> dq.beta <- function(y, theta = init, log =TRUE) {
+   #dmvnorm(y,mean = x, sigma = sigma,log = log)
+   dmvt(y,delta=theta[[1]],sigma=theta[[2]],df=3,log=log,type = "shifted")
+ }
> ## sample
> rq.beta <- function(theta) {
+   #rmvnorm(1,mean=x,sigma = sigma)
+   as.vector(rmvt(1,sigma = theta[[2]], df=3, delta = theta[[1]], type = "shifted"))
+ }
> 
> 
> ### IS
> set.seed(1)
> start.time <- Sys.time()
> is_mod = inlaIS(data = df, init = init,
+                 prior.beta, dq.beta, rq.beta, fit.inla, N_0 = 1e4, N = 1e4,ncores = 60, N0iter = 8)
[1] 1
$mu
 [1] -0.0037782593  0.2033260825  0.0000000000  0.0000000000  0.0000000000
 [6]  0.1094102569 -0.0009193779  0.0000000000  0.0000000000  0.0018464141
[11]  0.1548011551  0.3020863555  0.0000000000  0.0198055746 -0.1275870006
[16]  0.1459054465  0.0000000000 -0.0106432679  0.0000000000

$cov
                   AtBat          Hits         HmRun          Runs
AtBat       0.0875739157 -7.198282e-02 -7.339219e-04  0.0029561949
Hits       -0.0719828246  1.155773e-01  1.947559e-02 -0.0481421397
HmRun      -0.0007339219  1.947559e-02  2.961324e-02 -0.0179342577
Runs        0.0029561949 -4.814214e-02 -1.793426e-02  0.0581924332
RBI        -0.0072600433 -2.088228e-02 -2.826141e-02  0.0123464324
Walks      -0.0102472291  1.358761e-02  5.553821e-03 -0.0137204824
Years       0.0090770105 -5.876292e-03  2.610755e-04  0.0024407828
CAtBat     -0.1178629931  1.369226e-01  4.924180e-03 -0.0464247520
CHits       0.1261680266 -2.367585e-01 -5.455847e-02  0.1416921833
CHmRun      0.0008923073 -3.143195e-02 -3.257109e-02  0.0334693702
CRuns      -0.0398728495  1.045106e-01  3.610065e-02 -0.0978551990
CRBI        0.0025877591  5.028932e-02  4.905755e-02 -0.0447604059
CWalks      0.0232451605 -2.625988e-02 -8.511997e-03  0.0203963797
LeagueN     0.0035696443 -2.955156e-03 -4.052539e-04  0.0012516167
DivisionW  -0.0019198410  7.488274e-04 -1.195215e-03  0.0009246071
PutOuts    -0.0022401367  1.384272e-05 -7.356648e-04  0.0011778407
Assists    -0.0031264946 -3.319450e-03  2.212322e-03  0.0032407524
Errors     -0.0033324524  4.630223e-03  3.136053e-05 -0.0015096614
NewLeagueN -0.0036022397  3.048965e-03  9.642228e-04 -0.0001147469
                     RBI         Walks         Years       CAtBat        CHits
AtBat      -0.0072600433 -0.0102472291  0.0090770105 -0.117862993  0.126168027
Hits       -0.0208822802  0.0135876110 -0.0058762919  0.136922649 -0.236758458
HmRun      -0.0282614050  0.0055538213  0.0002610755  0.004924180 -0.054558474
Runs        0.0123464324 -0.0137204824  0.0024407828 -0.046424752  0.141692183
RBI         0.0455027293 -0.0053976564 -0.0012114986  0.003945078  0.042357487
Walks      -0.0053976564  0.0158347785 -0.0005416471  0.028495486 -0.038209013
Years      -0.0012114986 -0.0005416471  0.0355468699 -0.084471450  0.040767239
CAtBat      0.0039450776  0.0284954855 -0.0844714504  0.960157098 -1.007709187
CHits       0.0423574872 -0.0382090135  0.0407672387 -1.007709187  1.919672859
CHmRun      0.0266961921 -0.0069945011  0.0037023808 -0.093422192  0.401469257
CRuns      -0.0201304209  0.0233855962  0.0121611284  0.201098935 -0.852832890
CRBI       -0.0580484169  0.0099345737 -0.0038777075  0.103008684 -0.632313381
CWalks      0.0078983383 -0.0209720588 -0.0004842299 -0.113414604  0.205238062
LeagueN     0.0004545156 -0.0003677337  0.0012233718 -0.008502185  0.014350085
DivisionW   0.0018984971 -0.0004153313  0.0008609963 -0.002144128 -0.002911868
PutOuts     0.0004063409 -0.0007961247  0.0005030814  0.004689626 -0.006330169
Assists     0.0003840061 -0.0003536092  0.0013742187 -0.019972345  0.022363244
Errors     -0.0013313615  0.0009095951  0.0009373671  0.006673943 -0.015322938
NewLeagueN -0.0003480708 -0.0005721032  0.0003859779  0.006615543 -0.019695960
                  CHmRun        CRuns          CRBI        CWalks       LeagueN
AtBat       8.923073e-04 -0.039872850  0.0025877591  0.0232451605  3.569644e-03
Hits       -3.143195e-02  0.104510569  0.0502893218 -0.0262598835 -2.955156e-03
HmRun      -3.257109e-02  0.036100646  0.0490575502 -0.0085119970 -4.052539e-04
Runs        3.346937e-02 -0.097855199 -0.0447604059  0.0203963797  1.251617e-03
RBI         2.669619e-02 -0.020130421 -0.0580484169  0.0078983383  4.545156e-04
Walks      -6.994501e-03  0.023385596  0.0099345737 -0.0209720588 -3.677337e-04
Years       3.702381e-03  0.012161128 -0.0038777075 -0.0004842299  1.223372e-03
CAtBat     -9.342219e-02  0.201098935  0.1030086836 -0.1134146044 -8.502185e-03
CHits       4.014693e-01 -0.852832890 -0.6323133813  0.2052380622  1.435009e-02
CHmRun      1.774369e-01 -0.217999323 -0.2786707505  0.0324741577  3.270416e-03
CRuns      -2.179993e-01  0.620308436  0.3314168993 -0.1304764448 -4.195978e-03
CRBI       -2.786708e-01  0.331416899  0.5036864797 -0.0569075337 -5.923396e-03
CWalks      3.247416e-02 -0.130476445 -0.0569075337  0.0753591794  2.193769e-04
LeagueN     3.270416e-03 -0.004195978 -0.0059233957  0.0002193769  1.577907e-02
DivisionW  -6.204801e-05  0.004663561 -0.0005335518  0.0002491782  7.637501e-05
PutOuts     1.222870e-03  0.003967695 -0.0024799767 -0.0012543726 -2.752544e-04
Assists     3.837765e-03 -0.003432803 -0.0033133196 -0.0002090502  1.577388e-04
Errors     -2.340560e-03  0.007552139  0.0041438648 -0.0012216966 -1.251953e-03
NewLeagueN -3.439412e-03  0.009738913  0.0066378051 -0.0005597608 -1.336833e-02
               DivisionW       PutOuts       Assists        Errors
AtBat      -1.919841e-03 -2.240137e-03 -0.0031264946 -3.332452e-03
Hits        7.488274e-04  1.384272e-05 -0.0033194504  4.630223e-03
HmRun      -1.195215e-03 -7.356648e-04  0.0022123224  3.136053e-05
Runs        9.246071e-04  1.177841e-03  0.0032407524 -1.509661e-03
RBI         1.898497e-03  4.063409e-04  0.0003840061 -1.331361e-03
Walks      -4.153313e-04 -7.961247e-04 -0.0003536092  9.095951e-04
Years       8.609963e-04  5.030814e-04  0.0013742187  9.373671e-04
CAtBat     -2.144128e-03  4.689626e-03 -0.0199723450  6.673943e-03
CHits      -2.911868e-03 -6.330169e-03  0.0223632441 -1.532294e-02
CHmRun     -6.204801e-05  1.222870e-03  0.0038377650 -2.340560e-03
CRuns       4.663561e-03  3.967695e-03 -0.0034328027  7.552139e-03
CRBI       -5.335518e-04 -2.479977e-03 -0.0033133196  4.143865e-03
CWalks      2.491782e-04 -1.254373e-03 -0.0002090502 -1.221697e-03
LeagueN     7.637501e-05 -2.752544e-04  0.0001577388 -1.251953e-03
DivisionW   4.104571e-03  1.433048e-04  0.0002354107 -3.088652e-05
PutOuts     1.433048e-04  4.718767e-03  0.0011458191 -5.357251e-04
Assists     2.354107e-04  1.145819e-03  0.0103409959 -5.839314e-03
Errors     -3.088652e-05 -5.357251e-04 -0.0058393137  8.452456e-03
NewLeagueN  1.478200e-04  6.156503e-06  0.0001708305  7.948594e-04
              NewLeagueN
AtBat      -3.602240e-03
Hits        3.048965e-03
HmRun       9.642228e-04
Runs       -1.147469e-04
RBI        -3.480708e-04
Walks      -5.721032e-04
Years       3.859779e-04
CAtBat      6.615543e-03
CHits      -1.969596e-02
CHmRun     -3.439412e-03
CRuns       9.738913e-03
CRBI        6.637805e-03
CWalks     -5.597608e-04
LeagueN    -1.336833e-02
DivisionW   1.478200e-04
PutOuts     6.156503e-06
Assists     1.708305e-04
Errors      7.948594e-04
NewLeagueN  1.564528e-02

  |                                                                              |                                                                      |   0%  |                                                                              |                                                                      |   1%  |                                                                              |=                                                                     |   1%  |                                                                              |=                                                                     |   2%  |                                                                              |==                                                                    |   2%  |                                                                              |==                                                                    |   3%  |                                                                              |==                                                                    |   4%  |                                                                              |===                                                                   |   4%  |                                                                              |===                                                                   |   5%  |                                                                              |====                                                                  |   5%  |                                                                              |====                                                                  |   6%  |                                                                              |=====                                                                 |   6%  |                                                                              |=====                                                                 |   7%  |                                                                              |=====                                                                 |   8%  |                                                                              |======                                                                |   8%  |                                                                              |======                                                                |   9%  |                                                                              |=======                                                               |   9%  |                                                                              |=======                                                               |  10%  |                                                                              |=======                                                               |  11%  |                                                                              |========                                                              |  11%  |                                                                              |========                                                              |  12%  |                                                                              |=========                                                             |  12%  |                                                                              |=========                                                             |  13%  |                                                                              |=========                                                             |  14%  |                                                                              |==========                                                            |  14%  |                                                                              |==========                                                            |  15%  |                                                                              |===========                                                           |  15%  |                                                                              |===========                                                           |  16%  |                                                                              |============                                                          |  16%  |                                                                              |============                                                          |  17%  |                                                                              |============                                                          |  18%  |                                                                              |=============                                                         |  18%  |                                                                              |=============                                                         |  19%  |                                                                              |==============                                                        |  19%  |                                                                              |==============                                                        |  20%  |                                                                              |==============                                                        |  21%  |                                                                              |===============                                                       |  21%  |                                                                              |===============                                                       |  22%  |                                                                              |================                                                      |  22%  |                                                                              |================                                                      |  23%  |                                                                              |================                                                      |  24%  |                                                                              |=================                                                     |  24%  |                                                                              |=================                                                     |  25%  |                                                                              |==================                                                    |  25%  |                                                                              |==================                                                    |  26%  |                                                                              |===================                                                   |  26%  |                                                                              |===================                                                   |  27%  |                                                                              |===================                                                   |  28%  |                                                                              |====================                                                  |  28%  |                                                                              |====================                                                  |  29%  |                                                                              |=====================                                                 |  29%  |                                                                              |=====================                                                 |  30%  |                                                                              |=====================                                                 |  31%  |                                                                              |======================                                                |  31%  |                                                                              |======================                                                |  32%  |                                                                              |=======================                                               |  32%  |                                                                              |=======================                                               |  33%  |                                                                              |=======================                                               |  34%  |                                                                              |========================                                              |  34%  |                                                                              |========================                                              |  35%  |                                                                              |=========================                                             |  35%  |                                                                              |=========================                                             |  36%  |                                                                              |==========================                                            |  36%  |                                                                              |==========================                                            |  37%  |                                                                              |==========================                                            |  38%  |                                                                              |===========================                                           |  38%  |                                                                              |===========================                                           |  39%  |                                                                              |============================                                          |  39%  |                                                                              |============================                                          |  40%  |                                                                              |============================                                          |  41%  |                                                                              |=============================                                         |  41%  |                                                                              |=============================                                         |  42%  |                                                                              |==============================                                        |  42%  |                                                                              |==============================                                        |  43%  |                                                                              |==============================                                        |  44%  |                                                                              |===============================                                       |  44%  |                                                                              |===============================                                       |  45%  |                                                                              |================================                                      |  45%  |                                                                              |================================                                      |  46%  |                                                                              |=================================                                     |  46%  |                                                                              |=================================                                     |  47%  |                                                                              |=================================                                     |  48%  |                                                                              |==================================                                    |  48%  |                                                                              |==================================                                    |  49%  |                                                                              |===================================                                   |  49%  |                                                                              |===================================                                   |  50%[1] 2
[[1]]
 [1] -0.126653262  0.277882208 -0.017257605  0.038741705  0.002080763
 [6]  0.120567155 -0.060097705  0.027362183  0.195784325  0.105365321
[11]  0.114380761  0.145715766 -0.051006949  0.036069225 -0.124539469
[16]  0.130644106  0.034034445 -0.053528148  0.004373131

[[2]]
               [,1]          [,2]          [,3]          [,4]          [,5]
 [1,]  0.0145194356 -1.568460e-02 -1.852746e-03  2.927993e-03  1.247952e-03
 [2,] -0.0156845984  2.435746e-02  2.613152e-03 -8.018655e-03 -4.053273e-03
 [3,] -0.0018527464  2.613152e-03  3.274400e-03 -6.621878e-04 -2.136412e-03
 [4,]  0.0029279930 -8.018655e-03 -6.621878e-04  8.197970e-03  1.132174e-03
 [5,]  0.0012479522 -4.053273e-03 -2.136412e-03  1.132174e-03  5.499436e-03
 [6,] -0.0011862405  2.523633e-03  1.418147e-04 -3.160846e-03 -1.721914e-03
 [7,]  0.0032294278 -3.526378e-03 -5.972663e-04  2.110462e-03  1.285457e-03
 [8,] -0.0046340816  4.159737e-03  2.945270e-04 -5.332741e-04  7.368737e-05
 [9,] -0.0016165613  2.090018e-03  1.293219e-03 -2.074434e-03 -3.000828e-03
[10,] -0.0013624334  2.203479e-03 -1.026405e-04  2.873125e-04  1.251485e-05
[11,] -0.0004369071 -2.197310e-03  1.810914e-03  5.139172e-04  1.952994e-03
[12,]  0.0067489621 -5.442067e-03 -2.387073e-03 -1.650623e-03 -3.016300e-03
[13,] -0.0013498915  1.523844e-03 -5.535696e-04  1.421074e-03  1.634204e-03
[14,] -0.0016768537  1.720118e-03 -8.009679e-05  2.311533e-05  2.242589e-04
[15,] -0.0015894316  2.081805e-03 -5.747363e-04 -5.393574e-04  3.019294e-04
[16,]  0.0028338534 -4.860223e-03 -6.293927e-04  1.836471e-03  1.536605e-03
[17,] -0.0013238800  2.400629e-04  8.554270e-04  1.367154e-03  3.620052e-04
[18,]  0.0024143834 -3.873105e-03 -2.113948e-04  4.878079e-04  1.687805e-04
[19,] -0.0001231310  9.676787e-05  5.887522e-04  6.238368e-04 -5.294491e-05
               [,6]          [,7]          [,8]          [,9]         [,10]
 [1,] -0.0011862405  3.229428e-03 -4.634082e-03 -0.0016165613 -1.362433e-03
 [2,]  0.0025236329 -3.526378e-03  4.159737e-03  0.0020900182  2.203479e-03
 [3,]  0.0001418147 -5.972663e-04  2.945270e-04  0.0012932192 -1.026405e-04
 [4,] -0.0031608462  2.110462e-03 -5.332741e-04 -0.0020744335  2.873125e-04
 [5,] -0.0017219135  1.285457e-03  7.368737e-05 -0.0030008279  1.251485e-05
 [6,]  0.0034868674 -1.580507e-03 -1.975380e-03  0.0035211711 -1.708682e-03
 [7,] -0.0015805070  6.126308e-03 -3.660797e-03 -0.0072838382 -1.247809e-03
 [8,] -0.0019753796 -3.660797e-03  1.674352e-02 -0.0003307958  4.843466e-03
 [9,]  0.0035211711 -7.283838e-03 -3.307958e-04  0.0201897565  1.445747e-03
[10,] -0.0017086818 -1.247809e-03  4.843466e-03  0.0014457473  6.549563e-03
[11,] -0.0014206635  2.031855e-03 -2.254812e-03 -0.0064453416 -1.147229e-03
[12,]  0.0056630680  2.435956e-03 -1.353452e-02 -0.0045081526 -1.090231e-02
[13,] -0.0022766562  1.318982e-03 -1.667487e-04 -0.0023592725  2.499087e-04
[14,] -0.0002865853 -6.656620e-04  1.499528e-03  0.0008642987  3.227469e-05
[15,] -0.0001320805 -7.709699e-05  1.244325e-03 -0.0010469605  2.333305e-04
[16,] -0.0010444301  2.170724e-03 -3.186184e-05 -0.0043104566 -2.403944e-04
[17,] -0.0009017100  7.548008e-04  6.847315e-04 -0.0024198582  6.416020e-05
[18,]  0.0004298082  2.359316e-04 -9.698771e-04  0.0010971928 -7.866751e-04
[19,] -0.0003839596  7.060846e-04 -8.627325e-04 -0.0015502744  4.075094e-04
              [,11]         [,12]         [,13]         [,14]         [,15]
 [1,] -0.0004369071  0.0067489621 -1.349891e-03 -1.676854e-03 -1.589432e-03
 [2,] -0.0021973096 -0.0054420666  1.523844e-03  1.720118e-03  2.081805e-03
 [3,]  0.0018109140 -0.0023870733 -5.535696e-04 -8.009679e-05 -5.747363e-04
 [4,]  0.0005139172 -0.0016506227  1.421074e-03  2.311533e-05 -5.393574e-04
 [5,]  0.0019529935 -0.0030162998  1.634204e-03  2.242589e-04  3.019294e-04
 [6,] -0.0014206635  0.0056630680 -2.276656e-03 -2.865853e-04 -1.320805e-04
 [7,]  0.0020318545  0.0024359565  1.318982e-03 -6.656620e-04 -7.709699e-05
 [8,] -0.0022548123 -0.0135345189 -1.667487e-04  1.499528e-03  1.244325e-03
 [9,] -0.0064453416 -0.0045081526 -2.359273e-03  8.642987e-04 -1.046960e-03
[10,] -0.0011472285 -0.0109023123  2.499087e-04  3.227469e-05  2.333305e-04
[11,]  0.0128827312 -0.0044763165 -6.674032e-04 -9.613246e-04 -7.621083e-04
[12,] -0.0044763165  0.0363975707 -4.230836e-03 -1.420724e-03 -5.377906e-04
[13,] -0.0006674032 -0.0042308362  5.063471e-03  7.012974e-04  8.073093e-04
[14,] -0.0009613246 -0.0014207240  7.012974e-04  1.692836e-03  4.385766e-04
[15,] -0.0007621083 -0.0005377906  8.073093e-04  4.385766e-04  1.482838e-03
[16,]  0.0013787529  0.0009685370  1.064602e-05 -5.421645e-04 -2.685214e-04
[17,]  0.0020151899 -0.0016880011  4.428935e-04 -1.913637e-05  2.930883e-04
[18,] -0.0011007431  0.0021391729 -6.078220e-04 -2.647999e-04 -5.544823e-04
[19,]  0.0012899571 -0.0004781098  1.987773e-04 -1.175959e-03 -8.383640e-05
              [,16]         [,17]         [,18]         [,19]
 [1,]  2.833853e-03 -1.323880e-03  0.0024143834 -1.231310e-04
 [2,] -4.860223e-03  2.400629e-04 -0.0038731046  9.676787e-05
 [3,] -6.293927e-04  8.554270e-04 -0.0002113948  5.887522e-04
 [4,]  1.836471e-03  1.367154e-03  0.0004878079  6.238368e-04
 [5,]  1.536605e-03  3.620052e-04  0.0001687805 -5.294491e-05
 [6,] -1.044430e-03 -9.017100e-04  0.0004298082 -3.839596e-04
 [7,]  2.170724e-03  7.548008e-04  0.0002359316  7.060846e-04
 [8,] -3.186184e-05  6.847315e-04 -0.0009698771 -8.627325e-04
 [9,] -4.310457e-03 -2.419858e-03  0.0010971928 -1.550274e-03
[10,] -2.403944e-04  6.416020e-05 -0.0007866751  4.075094e-04
[11,]  1.378753e-03  2.015190e-03 -0.0011007431  1.289957e-03
[12,]  9.685370e-04 -1.688001e-03  0.0021391729 -4.781098e-04
[13,]  1.064602e-05  4.428935e-04 -0.0006078220  1.987773e-04
[14,] -5.421645e-04 -1.913637e-05 -0.0002647999 -1.175959e-03
[15,] -2.685214e-04  2.930883e-04 -0.0005544823 -8.383640e-05
[16,]  2.563600e-03  7.047927e-04  0.0007298377  4.495963e-04
[17,]  7.047927e-04  1.836425e-03 -0.0007166930  7.034817e-04
[18,]  7.298377e-04 -7.166930e-04  0.0020855888 -3.582036e-04
[19,]  4.495963e-04  7.034817e-04 -0.0003582036  1.779061e-03

  |                                                                              |                                                                      |   0%  |                                                                              |                                                                      |   1%  |                                                                              |=                                                                     |   1%  |                                                                              |=                                                                     |   2%  |                                                                              |==                                                                    |   2%  |                                                                              |==                                                                    |   3%  |                                                                              |==                                                                    |   4%  |                                                                              |===                                                                   |   4%  |                                                                              |===                                                                   |   5%  |                                                                              |====                                                                  |   5%  |                                                                              |====                                                                  |   6%  |                                                                              |=====                                                                 |   6%  |                                                                              |=====                                                                 |   7%  |                                                                              |=====                                                                 |   8%  |                                                                              |======                                                                |   8%  |                                                                              |======                                                                |   9%  |                                                                              |=======                                                               |   9%  |                                                                              |=======                                                               |  10%  |                                                                              |=======                                                               |  11%  |                                                                              |========                                                              |  11%  |                                                                              |========                                                              |  12%  |                                                                              |=========                                                             |  12%  |                                                                              |=========                                                             |  13%  |                                                                              |=========                                                             |  14%  |                                                                              |==========                                                            |  14%  |                                                                              |==========                                                            |  15%  |                                                                              |===========                                                           |  15%  |                                                                              |===========                                                           |  16%  |                                                                              |============                                                          |  16%  |                                                                              |============                                                          |  17%  |                                                                              |============                                                          |  18%  |                                                                              |=============                                                         |  18%  |                                                                              |=============                                                         |  19%  |                                                                              |==============                                                        |  19%  |                                                                              |==============                                                        |  20%  |                                                                              |==============                                                        |  21%  |                                                                              |===============                                                       |  21%  |                                                                              |===============                                                       |  22%  |                                                                              |================                                                      |  22%  |                                                                              |================                                                      |  23%  |                                                                              |================                                                      |  24%  |                                                                              |=================                                                     |  24%  |                                                                              |=================                                                     |  25%  |                                                                              |==================                                                    |  25%  |                                                                              |==================                                                    |  26%  |                                                                              |===================                                                   |  26%  |                                                                              |===================                                                   |  27%  |                                                                              |===================                                                   |  28%  |                                                                              |====================                                                  |  28%  |                                                                              |====================                                                  |  29%  |                                                                              |=====================                                                 |  29%  |                                                                              |=====================                                                 |  30%  |                                                                              |=====================                                                 |  31%  |                                                                              |======================                                                |  31%  |                                                                              |======================                                                |  32%  |                                                                              |=======================                                               |  32%  |                                                                              |=======================                                               |  33%  |                                                                              |=======================                                               |  34%  |                                                                              |========================                                              |  34%  |                                                                              |========================                                              |  35%  |                                                                              |=========================                                             |  35%  |                                                                              |=========================                                             |  36%  |                                                                              |==========================                                            |  36%  |                                                                              |==========================                                            |  37%  |                                                                              |==========================                                            |  38%  |                                                                              |===========================                                           |  38%  |                                                                              |===========================                                           |  39%  |                                                                              |============================                                          |  39%  |                                                                              |============================                                          |  40%  |                                                                              |============================                                          |  41%  |                                                                              |=============================                                         |  41%  |                                                                              |=============================                                         |  42%  |                                                                              |==============================                                        |  42%  |                                                                              |==============================                                        |  43%  |                                                                              |==============================                                        |  44%  |                                                                              |===============================                                       |  44%  |                                                                              |===============================                                       |  45%  |                                                                              |================================                                      |  45%  |                                                                              |================================                                      |  46%  |                                                                              |=================================                                     |  46%  |                                                                              |=================================                                     |  47%  |                                                                              |=================================                                     |  48%  |                                                                              |==================================                                    |  48%  |                                                                              |==================================                                    |  49%  |                                                                              |===================================                                   |  49%  |                                                                              |===================================                                   |  50%[1] 3
[[1]]
 [1] -0.029939702  0.174664109 -0.008183226  0.065398986  0.034424404
 [6]  0.024521904 -0.058548522  0.108105520  0.204562883  0.051584922
[11]  0.203016089  0.108359475 -0.152235651  0.035549630 -0.130564967
[16]  0.181057483 -0.004442248 -0.046677454 -0.005906542

[[2]]
               [,1]          [,2]          [,3]          [,4]          [,5]
 [1,]  2.378410e-03 -1.445541e-03  1.576063e-04 -1.441553e-05 -0.0003990622
 [2,] -1.445541e-03  2.277290e-03  8.077917e-05 -7.391772e-04 -0.0004194620
 [3,]  1.576063e-04  8.077917e-05  4.158053e-04 -1.522266e-04 -0.0003877391
 [4,] -1.441553e-05 -7.391772e-04 -1.522266e-04  8.982040e-04  0.0002895507
 [5,] -3.990622e-04 -4.194620e-04 -3.877391e-04  2.895507e-04  0.0010344635
 [6,] -1.834678e-04  5.562526e-04  1.690446e-04 -7.442066e-04 -0.0005052154
 [7,] -4.127566e-04  4.286553e-04 -9.630318e-05 -1.716012e-04  0.0001639439
 [8,]  8.165314e-05 -5.305943e-04 -1.564241e-04  7.236023e-04  0.0004904142
 [9,]  8.215840e-04 -8.985077e-04 -1.383470e-04  3.669698e-04  0.0003886424
[10,] -3.497898e-04  7.109412e-04 -5.774440e-05 -2.647327e-04 -0.0001277829
[11,] -1.139943e-04 -9.855248e-04  7.480409e-05  4.867911e-04  0.0006984917
[12,]  7.249638e-05  1.011208e-04  3.322162e-05 -1.385290e-04 -0.0006545740
[13,] -3.175803e-04  1.234260e-03  2.849706e-04 -9.991638e-04 -0.0009307423
[14,] -1.933852e-04  1.220809e-04 -3.064865e-05  1.203697e-04  0.0001981105
[15,] -3.171775e-04  2.798505e-04 -4.399910e-05 -6.116772e-05  0.0000546645
[16,] -1.913940e-04 -9.706791e-05 -1.148325e-04  2.189034e-04  0.0002593690
[17,] -6.071325e-04  2.408231e-04 -7.839887e-05  4.337443e-06  0.0002402725
[18,] -2.684350e-04  9.457972e-05  1.089657e-04 -1.123800e-04 -0.0001890210
[19,]  2.595472e-04  1.044437e-04  2.151699e-04 -3.036699e-04 -0.0004900271
               [,6]          [,7]          [,8]          [,9]         [,10]
 [1,] -1.834678e-04 -4.127566e-04  8.165314e-05  8.215840e-04 -3.497898e-04
 [2,]  5.562526e-04  4.286553e-04 -5.305943e-04 -8.985077e-04  7.109412e-04
 [3,]  1.690446e-04 -9.630318e-05 -1.564241e-04 -1.383470e-04 -5.774440e-05
 [4,] -7.442066e-04 -1.716012e-04  7.236023e-04  3.669698e-04 -2.647327e-04
 [5,] -5.052154e-04  1.639439e-04  4.904142e-04  3.886424e-04 -1.277829e-04
 [6,]  1.689036e-03  3.756292e-04 -1.678971e-03 -8.579422e-04  2.471718e-04
 [7,]  3.756292e-04  1.176076e-03 -5.422805e-04 -4.933526e-04  6.931559e-04
 [8,] -1.678971e-03 -5.422805e-04  3.189665e-03  8.071118e-04 -3.562622e-04
 [9,] -8.579422e-04 -4.933526e-04  8.071118e-04  3.467299e-03 -3.048637e-05
[10,]  2.471718e-04  6.931559e-04 -3.562622e-04 -3.048637e-05  1.363651e-03
[11,] -1.084202e-03 -6.387435e-04  1.003757e-03  1.794353e-04 -1.101230e-03
[12,]  9.347465e-04 -6.226402e-04 -1.458698e-03 -1.785112e-03 -1.068174e-03
[13,]  2.085561e-03  6.771311e-04 -2.615497e-03 -2.352464e-03  8.109209e-04
[14,] -2.379686e-04  2.896019e-04  2.907336e-04  6.435299e-05  2.372122e-04
[15,]  8.558681e-05  1.274801e-04 -2.980476e-05 -1.120469e-04  1.108652e-04
[16,] -4.883489e-04  2.671066e-05  5.741589e-04  1.968020e-04 -2.201230e-05
[17,]  1.102880e-04  1.668479e-04 -2.392823e-04 -3.674889e-04  5.247643e-05
[18,]  4.409973e-04  1.596534e-04 -4.308199e-04 -3.687115e-04  1.545501e-04
[19,]  6.261875e-04 -1.620018e-04 -7.199101e-04 -4.318734e-04  8.960671e-06
              [,11]         [,12]         [,13]         [,14]         [,15]
 [1,] -1.139943e-04  7.249638e-05 -3.175803e-04 -1.933852e-04 -3.171775e-04
 [2,] -9.855248e-04  1.011208e-04  1.234260e-03  1.220809e-04  2.798505e-04
 [3,]  7.480409e-05  3.322162e-05  2.849706e-04 -3.064865e-05 -4.399910e-05
 [4,]  4.867911e-04 -1.385290e-04 -9.991638e-04  1.203697e-04 -6.116772e-05
 [5,]  6.984917e-04 -6.545740e-04 -9.307423e-04  1.981105e-04  5.466450e-05
 [6,] -1.084202e-03  9.347465e-04  2.085561e-03 -2.379686e-04  8.558681e-05
 [7,] -6.387435e-04 -6.226402e-04  6.771311e-04  2.896019e-04  1.274801e-04
 [8,]  1.003757e-03 -1.458698e-03 -2.615497e-03  2.907336e-04 -2.980476e-05
 [9,]  1.794353e-04 -1.785112e-03 -2.352464e-03  6.435299e-05 -1.120469e-04
[10,] -1.101230e-03 -1.068174e-03  8.109209e-04  2.372122e-04  1.108652e-04
[11,]  3.778991e-03 -7.946529e-04 -2.563634e-03 -1.202855e-05 -1.645243e-04
[12,] -7.946529e-04  4.241869e-03  1.225194e-03 -6.243430e-04 -8.578161e-05
[13,] -2.563634e-03  1.225194e-03  5.228662e-03 -9.059784e-05  2.248490e-04
[14,] -1.202855e-05 -6.243430e-04 -9.059784e-05  4.610599e-04  4.106664e-05
[15,] -1.645243e-04 -8.578161e-05  2.248490e-04  4.106664e-05  2.718219e-04
[16,]  2.986539e-04 -3.385270e-04 -6.968589e-04  1.197551e-04  5.496813e-06
[17,]  1.257703e-04  1.402848e-04  2.252284e-04  5.422056e-05  9.012764e-05
[18,] -3.881629e-04  1.668307e-04  8.337026e-04 -4.940922e-05  6.108348e-05
[19,] -4.211575e-04  6.327951e-04  1.006216e-03 -4.250320e-04  3.833048e-06
              [,16]         [,17]         [,18]         [,19]
 [1,] -1.913940e-04 -6.071325e-04 -2.684350e-04  2.595472e-04
 [2,] -9.706791e-05  2.408231e-04  9.457972e-05  1.044437e-04
 [3,] -1.148325e-04 -7.839887e-05  1.089657e-04  2.151699e-04
 [4,]  2.189034e-04  4.337443e-06 -1.123800e-04 -3.036699e-04
 [5,]  2.593690e-04  2.402725e-04 -1.890210e-04 -4.900271e-04
 [6,] -4.883489e-04  1.102880e-04  4.409973e-04  6.261875e-04
 [7,]  2.671066e-05  1.668479e-04  1.596534e-04 -1.620018e-04
 [8,]  5.741589e-04 -2.392823e-04 -4.308199e-04 -7.199101e-04
 [9,]  1.968020e-04 -3.674889e-04 -3.687115e-04 -4.318734e-04
[10,] -2.201230e-05  5.247643e-05  1.545501e-04  8.960671e-06
[11,]  2.986539e-04  1.257703e-04 -3.881629e-04 -4.211575e-04
[12,] -3.385270e-04  1.402848e-04  1.668307e-04  6.327951e-04
[13,] -6.968589e-04  2.252284e-04  8.337026e-04  1.006216e-03
[14,]  1.197551e-04  5.422056e-05 -4.940922e-05 -4.250320e-04
[15,]  5.496813e-06  9.012764e-05  6.108348e-05  3.833048e-06
[16,]  4.230542e-04  4.352280e-05 -4.970022e-05 -2.917649e-04
[17,]  4.352280e-05  4.043929e-04  1.915769e-05 -1.251957e-04
[18,] -4.970022e-05  1.915769e-05  5.004307e-04  2.244896e-04
[19,] -2.917649e-04 -1.251957e-04  2.244896e-04  7.968552e-04

  |                                                                              |                                                                      |   0%  |                                                                              |                                                                      |   1%  |                                                                              |=                                                                     |   1%  |                                                                              |=                                                                     |   2%  |                                                                              |==                                                                    |   2%  |                                                                              |==                                                                    |   3%  |                                                                              |==                                                                    |   4%  |                                                                              |===                                                                   |   4%  |                                                                              |===                                                                   |   5%  |                                                                              |====                                                                  |   5%  |                                                                              |====                                                                  |   6%  |                                                                              |=====                                                                 |   6%  |                                                                              |=====                                                                 |   7%  |                                                                              |=====                                                                 |   8%  |                                                                              |======                                                                |   8%  |                                                                              |======                                                                |   9%  |                                                                              |=======                                                               |   9%  |                                                                              |=======                                                               |  10%  |                                                                              |=======                                                               |  11%  |                                                                              |========                                                              |  11%  |                                                                              |========                                                              |  12%  |                                                                              |=========                                                             |  12%  |                                                                              |=========                                                             |  13%  |                                                                              |=========                                                             |  14%  |                                                                              |==========                                                            |  14%  |                                                                              |==========                                                            |  15%  |                                                                              |===========                                                           |  15%  |                                                                              |===========                                                           |  16%  |                                                                              |============                                                          |  16%  |                                                                              |============                                                          |  17%  |                                                                              |============                                                          |  18%  |                                                                              |=============                                                         |  18%  |                                                                              |=============                                                         |  19%  |                                                                              |==============                                                        |  19%  |                                                                              |==============                                                        |  20%  |                                                                              |==============                                                        |  21%  |                                                                              |===============                                                       |  21%  |                                                                              |===============                                                       |  22%  |                                                                              |================                                                      |  22%  |                                                                              |================                                                      |  23%  |                                                                              |================                                                      |  24%  |                                                                              |=================                                                     |  24%  |                                                                              |=================                                                     |  25%  |                                                                              |==================                                                    |  25%  |                                                                              |==================                                                    |  26%  |                                                                              |===================                                                   |  26%  |                                                                              |===================                                                   |  27%  |                                                                              |===================                                                   |  28%  |                                                                              |====================                                                  |  28%  |                                                                              |====================                                                  |  29%  |                                                                              |=====================                                                 |  29%  |                                                                              |=====================                                                 |  30%  |                                                                              |=====================                                                 |  31%  |                                                                              |======================                                                |  31%  |                                                                              |======================                                                |  32%  |                                                                              |=======================                                               |  32%  |                                                                              |=======================                                               |  33%  |                                                                              |=======================                                               |  34%  |                                                                              |========================                                              |  34%  |                                                                              |========================                                              |  35%  |                                                                              |=========================                                             |  35%  |                                                                              |=========================                                             |  36%  |                                                                              |==========================                                            |  36%  |                                                                              |==========================                                            |  37%  |                                                                              |==========================                                            |  38%  |                                                                              |===========================                                           |  38%  |                                                                              |===========================                                           |  39%  |                                                                              |============================                                          |  39%  |                                                                              |============================                                          |  40%  |                                                                              |============================                                          |  41%  |                                                                              |=============================                                         |  41%  |                                                                              |=============================                                         |  42%  |                                                                              |==============================                                        |  42%  |                                                                              |==============================                                        |  43%  |                                                                              |==============================                                        |  44%  |                                                                              |===============================                                       |  44%  |                                                                              |===============================                                       |  45%  |                                                                              |================================                                      |  45%  |                                                                              |================================                                      |  46%  |                                                                              |=================================                                     |  46%  |                                                                              |=================================                                     |  47%  |                                                                              |=================================                                     |  48%  |                                                                              |==================================                                    |  48%  |                                                                              |==================================                                    |  49%  |                                                                              |===================================                                   |  49%  |                                                                              |===================================                                   |  50%[1] 4
[[1]]
 [1] -0.066442904  0.175665878 -0.018397852  0.040947092  0.071986528
 [6]  0.118499884 -0.055565363  0.027595809  0.183718165  0.084024117
[11]  0.119333286  0.161090978 -0.042053874  0.040446988 -0.117093186
[16]  0.134592653  0.007736231 -0.028556665 -0.003606598

[[2]]
               [,1]          [,2]          [,3]          [,4]          [,5]
 [1,]  1.167432e-02 -7.503727e-03  6.294230e-04 -0.0003871622 -0.0008590607
 [2,] -7.503727e-03  1.164012e-02  6.366204e-04 -0.0032816715 -0.0033655235
 [3,]  6.294230e-04  6.366204e-04  1.670869e-03 -0.0009873210 -0.0018764627
 [4,] -3.871622e-04 -3.281671e-03 -9.873210e-04  0.0045136188  0.0011399381
 [5,] -8.590607e-04 -3.365523e-03 -1.876463e-03  0.0011399381  0.0054372777
 [6,]  4.591910e-05  6.156108e-04  1.165207e-04 -0.0021682823 -0.0002254713
 [7,]  1.671980e-03 -9.319172e-04  9.412010e-05  0.0004619769 -0.0008753649
 [8,] -2.605368e-03  1.330405e-03 -6.350261e-04 -0.0005332536  0.0016149230
 [9,] -8.612439e-04 -2.741618e-03 -4.270498e-04  0.0019807557  0.0024547902
[10,] -2.188293e-03  8.129080e-04 -6.586404e-04  0.0003421680  0.0023384507
[11,]  2.989016e-04 -4.865656e-05  1.576830e-03 -0.0007469630 -0.0012849684
[12,] -6.299808e-04  3.660435e-03  1.248774e-03 -0.0022049244 -0.0049240049
[13,]  3.116015e-03 -2.078673e-03 -1.144657e-03  0.0014021849  0.0011147208
[14,]  2.783490e-04 -1.031852e-03  1.764884e-04  0.0003278696  0.0007378791
[15,]  1.338450e-03 -7.327542e-04 -1.982695e-04 -0.0001103181  0.0004039275
[16,] -9.779514e-04  3.405271e-04 -1.007424e-04  0.0008608146 -0.0002766301
[17,] -6.567620e-04  9.429500e-05 -2.384556e-04  0.0004600384  0.0001016746
[18,]  5.005905e-05 -7.566621e-04  5.339284e-05  0.0004062108 -0.0001025638
[19,] -6.495883e-05  8.650452e-04 -1.973013e-04 -0.0009508388  0.0003333154
               [,6]          [,7]          [,8]          [,9]         [,10]
 [1,]  4.591910e-05  1.671980e-03 -0.0026053681 -0.0008612439 -2.188293e-03
 [2,]  6.156108e-04 -9.319172e-04  0.0013304047 -0.0027416184  8.129080e-04
 [3,]  1.165207e-04  9.412010e-05 -0.0006350261 -0.0004270498 -6.586404e-04
 [4,] -2.168282e-03  4.619769e-04 -0.0005332536  0.0019807557  3.421680e-04
 [5,] -2.254713e-04 -8.753649e-04  0.0016149230  0.0024547902  2.338451e-03
 [6,]  5.493933e-03 -3.371118e-04  0.0002789980  0.0016524909 -7.519440e-04
 [7,] -3.371118e-04  5.729561e-03 -0.0027664085 -0.0050617784 -3.067597e-03
 [8,]  2.789980e-04 -2.766408e-03  0.0070981526 -0.0005370147  2.757522e-03
 [9,]  1.652491e-03 -5.061778e-03 -0.0005370147  0.0192392748  5.286187e-03
[10,] -7.519440e-04 -3.067597e-03  0.0027575223  0.0052861870  8.185178e-03
[11,] -1.605900e-03 -3.892086e-05 -0.0021184019 -0.0028092565 -2.345752e-03
[12,]  3.426953e-03  2.491763e-03 -0.0029982017 -0.0087595336 -8.554288e-03
[13,] -2.749106e-03  1.021401e-03 -0.0005402679 -0.0035103645  1.766672e-04
[14,]  2.552732e-04 -1.733170e-04  0.0001012446  0.0006447166  1.166391e-03
[15,] -8.959762e-05  8.816851e-04 -0.0001224355 -0.0015207546 -4.660476e-04
[16,] -5.996194e-04  5.958715e-04 -0.0007290421  0.0005927074  3.438447e-05
[17,] -1.616904e-04 -1.302651e-05 -0.0001182425  0.0003100792 -1.441443e-04
[18,] -3.668179e-04  1.029050e-03 -0.0000772125 -0.0015292525 -6.915690e-04
[19,] -1.324188e-03  6.411007e-04  0.0004114477 -0.0034832033 -7.784338e-05
              [,11]         [,12]         [,13]         [,14]         [,15]
 [1,]  2.989016e-04 -6.299808e-04  0.0031160150  0.0002783490  1.338450e-03
 [2,] -4.865656e-05  3.660435e-03 -0.0020786734 -0.0010318517 -7.327542e-04
 [3,]  1.576830e-03  1.248774e-03 -0.0011446572  0.0001764884 -1.982695e-04
 [4,] -7.469630e-04 -2.204924e-03  0.0014021849  0.0003278696 -1.103181e-04
 [5,] -1.284968e-03 -4.924005e-03  0.0011147208  0.0007378791  4.039275e-04
 [6,] -1.605900e-03  3.426953e-03 -0.0027491059  0.0002552732 -8.959762e-05
 [7,] -3.892086e-05  2.491763e-03  0.0010214011 -0.0001733170  8.816851e-04
 [8,] -2.118402e-03 -2.998202e-03 -0.0005402679  0.0001012446 -1.224355e-04
 [9,] -2.809257e-03 -8.759534e-03 -0.0035103645  0.0006447166 -1.520755e-03
[10,] -2.345752e-03 -8.554288e-03  0.0001766672  0.0011663909 -4.660476e-04
[11,]  1.019357e-02 -1.608158e-03 -0.0022147918 -0.0005225514 -8.137420e-06
[12,] -1.608158e-03  1.951853e-02 -0.0021450204 -0.0012707844 -6.383025e-04
[13,] -2.214792e-03 -2.145020e-03  0.0069098797  0.0003313770  1.133090e-03
[14,] -5.225514e-04 -1.270784e-03  0.0003313770  0.0017815588  2.026977e-04
[15,] -8.137420e-06 -6.383025e-04  0.0011330900  0.0002026977  1.319660e-03
[16,]  4.041703e-04 -5.816191e-04 -0.0001225864 -0.0001037551 -3.343359e-04
[17,]  1.391258e-04  5.306983e-05 -0.0001244836 -0.0003536723 -1.714828e-04
[18,] -1.579808e-04  5.453816e-04  0.0003312086  0.0001244493  2.760309e-04
[19,]  1.318035e-03 -8.565424e-04  0.0011384154 -0.0009850164  5.004390e-04
              [,16]         [,17]         [,18]         [,19]
 [1,] -9.779514e-04 -6.567620e-04  5.005905e-05 -6.495883e-05
 [2,]  3.405271e-04  9.429500e-05 -7.566621e-04  8.650452e-04
 [3,] -1.007424e-04 -2.384556e-04  5.339284e-05 -1.973013e-04
 [4,]  8.608146e-04  4.600384e-04  4.062108e-04 -9.508388e-04
 [5,] -2.766301e-04  1.016746e-04 -1.025638e-04  3.333154e-04
 [6,] -5.996194e-04 -1.616904e-04 -3.668179e-04 -1.324188e-03
 [7,]  5.958715e-04 -1.302651e-05  1.029050e-03  6.411007e-04
 [8,] -7.290421e-04 -1.182425e-04 -7.721250e-05  4.114477e-04
 [9,]  5.927074e-04  3.100792e-04 -1.529252e-03 -3.483203e-03
[10,]  3.438447e-05 -1.441443e-04 -6.915690e-04 -7.784338e-05
[11,]  4.041703e-04  1.391258e-04 -1.579808e-04  1.318035e-03
[12,] -5.816191e-04  5.306983e-05  5.453816e-04 -8.565424e-04
[13,] -1.225864e-04 -1.244836e-04  3.312086e-04  1.138415e-03
[14,] -1.037551e-04 -3.536723e-04  1.244493e-04 -9.850164e-04
[15,] -3.343359e-04 -1.714828e-04  2.760309e-04  5.004390e-04
[16,]  1.386962e-03  2.100991e-04  1.625558e-04 -2.453767e-04
[17,]  2.100991e-04  6.842927e-04 -1.400758e-04 -2.105042e-04
[18,]  1.625558e-04 -1.400758e-04  1.151193e-03  1.888424e-04
[19,] -2.453767e-04 -2.105042e-04  1.888424e-04  2.942940e-03

  |                                                                              |                                                                      |   0%  |                                                                              |                                                                      |   1%  |                                                                              |=                                                                     |   1%  |                                                                              |=                                                                     |   2%  |                                                                              |==                                                                    |   2%  |                                                                              |==                                                                    |   3%  |                                                                              |==                                                                    |   4%  |                                                                              |===                                                                   |   4%  |                                                                              |===                                                                   |   5%  |                                                                              |====                                                                  |   5%  |                                                                              |====                                                                  |   6%  |                                                                              |=====                                                                 |   6%  |                                                                              |=====                                                                 |   7%  |                                                                              |=====                                                                 |   8%  |                                                                              |======                                                                |   8%  |                                                                              |======                                                                |   9%  |                                                                              |=======                                                               |   9%  |                                                                              |=======                                                               |  10%  |                                                                              |=======                                                               |  11%  |                                                                              |========                                                              |  11%  |                                                                              |========                                                              |  12%  |                                                                              |=========                                                             |  12%  |                                                                              |=========                                                             |  13%  |                                                                              |=========                                                             |  14%  |                                                                              |==========                                                            |  14%  |                                                                              |==========                                                            |  15%  |                                                                              |===========                                                           |  15%  |                                                                              |===========                                                           |  16%  |                                                                              |============                                                          |  16%  |                                                                              |============                                                          |  17%  |                                                                              |============                                                          |  18%  |                                                                              |=============                                                         |  18%  |                                                                              |=============                                                         |  19%  |                                                                              |==============                                                        |  19%  |                                                                              |==============                                                        |  20%  |                                                                              |==============                                                        |  21%  |                                                                              |===============                                                       |  21%  |                                                                              |===============                                                       |  22%  |                                                                              |================                                                      |  22%  |                                                                              |================                                                      |  23%  |                                                                              |================                                                      |  24%  |                                                                              |=================                                                     |  24%  |                                                                              |=================                                                     |  25%  |                                                                              |==================                                                    |  25%  |                                                                              |==================                                                    |  26%  |                                                                              |===================                                                   |  26%  |                                                                              |===================                                                   |  27%  |                                                                              |===================                                                   |  28%  |                                                                              |====================                                                  |  28%  |                                                                              |====================                                                  |  29%  |                                                                              |=====================                                                 |  29%  |                                                                              |=====================                                                 |  30%  |                                                                              |=====================                                                 |  31%  |                                                                              |======================                                                |  31%  |                                                                              |======================                                                |  32%  |                                                                              |=======================                                               |  32%  |                                                                              |=======================                                               |  33%  |                                                                              |=======================                                               |  34%  |                                                                              |========================                                              |  34%  |                                                                              |========================                                              |  35%  |                                                                              |=========================                                             |  35%  |                                                                              |=========================                                             |  36%  |                                                                              |==========================                                            |  36%  |                                                                              |==========================                                            |  37%  |                                                                              |==========================                                            |  38%  |                                                                              |===========================                                           |  38%  |                                                                              |===========================                                           |  39%  |                                                                              |============================                                          |  39%  |                                                                              |============================                                          |  40%  |                                                                              |============================                                          |  41%  |                                                                              |=============================                                         |  41%  |                                                                              |=============================                                         |  42%  |                                                                              |==============================                                        |  42%  |                                                                              |==============================                                        |  43%  |                                                                              |==============================                                        |  44%  |                                                                              |===============================                                       |  44%  |                                                                              |===============================                                       |  45%  |                                                                              |================================                                      |  45%  |                                                                              |================================                                      |  46%  |                                                                              |=================================                                     |  46%  |                                                                              |=================================                                     |  47%  |                                                                              |=================================                                     |  48%  |                                                                              |==================================                                    |  48%  |                                                                              |==================================                                    |  49%  |                                                                              |===================================                                   |  49%  |                                                                              |===================================                                   |  50%[1] 5
[[1]]
 [1] -0.058426161  0.205117051 -0.006540238  0.039325104  0.018492980
 [6]  0.103638133 -0.049331315  0.016599039  0.144790980  0.065462942
[11]  0.142179278  0.186246635 -0.041619457  0.033761907 -0.122871571
[16]  0.150405443  0.014079675 -0.036006481 -0.001599467

[[2]]
               [,1]          [,2]          [,3]          [,4]          [,5]
 [1,]  7.986972e-03 -5.229797e-03 -3.895389e-04 -1.691017e-03 -1.555806e-04
 [2,] -5.229797e-03  1.088782e-02  1.004224e-04 -3.469609e-03 -1.252496e-03
 [3,] -3.895389e-04  1.004224e-04  1.342744e-03 -1.185417e-04 -8.354541e-04
 [4,] -1.691017e-03 -3.469609e-03 -1.185417e-04  6.190552e-03 -3.789420e-05
 [5,] -1.555806e-04 -1.252496e-03 -8.354541e-04 -3.789420e-05  3.092862e-03
 [6,] -1.647474e-03  4.274148e-04  4.894825e-04 -1.236657e-03 -1.040948e-04
 [7,] -3.050436e-04 -4.162105e-04  8.527597e-05  6.367785e-04  1.691375e-04
 [8,] -4.614541e-04  1.297810e-03  3.031494e-04 -2.531649e-04  3.752867e-04
 [9,]  7.483310e-04 -6.957727e-04  8.678864e-06 -1.884246e-03 -2.235550e-04
[10,]  1.304121e-04  7.040563e-04 -8.747664e-04 -3.771825e-04  9.863849e-05
[11,]  1.839043e-04 -3.133865e-03  3.435161e-04  2.069619e-03  5.293450e-04
[12,] -5.955702e-04  9.438005e-04  5.637854e-04  3.296231e-04 -1.852188e-03
[13,]  4.763062e-04 -1.386416e-04 -3.400042e-04  1.218749e-03  4.463358e-04
[14,] -2.082259e-04  7.138945e-04 -1.046613e-04 -2.022969e-04  8.290747e-04
[15,]  4.174833e-04 -7.003774e-05 -2.155442e-04  1.569654e-04  3.876768e-04
[16,] -5.628714e-04 -1.956654e-05 -4.614274e-05  4.659448e-04 -2.506982e-04
[17,]  1.344392e-04 -1.823517e-04 -2.587560e-05 -2.773705e-05 -1.413846e-04
[18,] -4.872239e-05 -1.189733e-03  3.602238e-04  8.098615e-04 -2.333599e-04
[19,]  4.950778e-05  3.081224e-05 -1.807301e-04 -2.311655e-04 -1.133771e-04
               [,6]          [,7]          [,8]          [,9]         [,10]
 [1,] -1.647474e-03 -3.050436e-04 -4.614541e-04  7.483310e-04  1.304121e-04
 [2,]  4.274148e-04 -4.162105e-04  1.297810e-03 -6.957727e-04  7.040563e-04
 [3,]  4.894825e-04  8.527597e-05  3.031494e-04  8.678864e-06 -8.747664e-04
 [4,] -1.236657e-03  6.367785e-04 -2.531649e-04 -1.884246e-03 -3.771825e-04
 [5,] -1.040948e-04  1.691375e-04  3.752867e-04 -2.235550e-04  9.863849e-05
 [6,]  4.372862e-03  4.988504e-04 -1.184184e-04  2.049943e-03 -7.770107e-04
 [7,]  4.988504e-04  4.894420e-03 -2.799574e-03 -6.607236e-04  1.231443e-03
 [8,] -1.184184e-04 -2.799574e-03  1.063476e-02 -3.852569e-03  2.390659e-05
 [9,]  2.049943e-03 -6.607236e-04 -3.852569e-03  1.741233e-02  3.394079e-03
[10,] -7.770107e-04  1.231443e-03  2.390659e-05  3.394079e-03  7.602564e-03
[11,] -1.444691e-03  2.950140e-04 -3.203724e-03 -7.086966e-03 -3.681516e-03
[12,]  7.048776e-04 -1.939928e-03 -7.667151e-04 -6.497685e-03 -6.865426e-03
[13,] -1.902774e-03 -1.862768e-04 -5.726195e-04 -2.306167e-03 -2.591116e-04
[14,] -6.169764e-04 -5.371718e-04  5.852260e-04 -1.790914e-03 -1.280654e-04
[15,] -4.863713e-04 -2.061181e-04  9.470319e-04  9.829073e-05  5.866758e-04
[16,]  1.002944e-04 -1.076137e-05 -7.185493e-04  5.561089e-04  4.726343e-07
[17,] -4.320020e-04 -2.918065e-04 -4.659499e-04 -1.102478e-03 -2.058559e-04
[18,] -1.605614e-05  2.494435e-04  4.522936e-04  1.138243e-03  5.539160e-04
[19,] -9.397877e-05 -1.596256e-05  7.274275e-04  2.607947e-04  8.070501e-04
              [,11]         [,12]         [,13]         [,14]         [,15]
 [1,]  0.0001839043 -5.955702e-04  4.763062e-04 -2.082259e-04  4.174833e-04
 [2,] -0.0031338646  9.438005e-04 -1.386416e-04  7.138945e-04 -7.003774e-05
 [3,]  0.0003435161  5.637854e-04 -3.400042e-04 -1.046613e-04 -2.155442e-04
 [4,]  0.0020696189  3.296231e-04  1.218749e-03 -2.022969e-04  1.569654e-04
 [5,]  0.0005293450 -1.852188e-03  4.463358e-04  8.290747e-04  3.876768e-04
 [6,] -0.0014446908  7.048776e-04 -1.902774e-03 -6.169764e-04 -4.863713e-04
 [7,]  0.0002950140 -1.939928e-03 -1.862768e-04 -5.371718e-04 -2.061181e-04
 [8,] -0.0032037240 -7.667151e-04 -5.726195e-04  5.852260e-04  9.470319e-04
 [9,] -0.0070869657 -6.497685e-03 -2.306167e-03 -1.790914e-03  9.829073e-05
[10,] -0.0036815162 -6.865426e-03 -2.591116e-04 -1.280654e-04  5.866758e-04
[11,]  0.0167920955 -1.461250e-03 -1.199502e-03  9.856909e-04 -1.170401e-03
[12,] -0.0014612498  1.659152e-02  4.558701e-05 -1.473494e-04 -1.011924e-03
[13,] -0.0011995020  4.558701e-05  5.348285e-03  1.397160e-04  6.399096e-04
[14,]  0.0009856909 -1.473494e-04  1.397160e-04  2.911437e-03  3.029105e-04
[15,] -0.0011704006 -1.011924e-03  6.399096e-04  3.029105e-04  2.484677e-03
[16,]  0.0010441340 -6.109684e-04 -2.220833e-04 -8.615431e-05 -3.040024e-04
[17,]  0.0006338102  1.132303e-03  3.625281e-04  1.172988e-04 -4.239620e-04
[18,] -0.0005492371 -1.243725e-03  7.520591e-05 -8.342046e-04  5.923812e-04
[19,] -0.0003734430 -8.388731e-04 -2.204926e-04 -1.483401e-03 -2.082868e-04
              [,16]         [,17]         [,18]         [,19]
 [1,] -5.628714e-04  1.344392e-04 -4.872239e-05  4.950778e-05
 [2,] -1.956654e-05 -1.823517e-04 -1.189733e-03  3.081224e-05
 [3,] -4.614274e-05 -2.587560e-05  3.602238e-04 -1.807301e-04
 [4,]  4.659448e-04 -2.773705e-05  8.098615e-04 -2.311655e-04
 [5,] -2.506982e-04 -1.413846e-04 -2.333599e-04 -1.133771e-04
 [6,]  1.002944e-04 -4.320020e-04 -1.605614e-05 -9.397877e-05
 [7,] -1.076137e-05 -2.918065e-04  2.494435e-04 -1.596256e-05
 [8,] -7.185493e-04 -4.659499e-04  4.522936e-04  7.274275e-04
 [9,]  5.561089e-04 -1.102478e-03  1.138243e-03  2.607947e-04
[10,]  4.726343e-07 -2.058559e-04  5.539160e-04  8.070501e-04
[11,]  1.044134e-03  6.338102e-04 -5.492371e-04 -3.734430e-04
[12,] -6.109684e-04  1.132303e-03 -1.243725e-03 -8.388731e-04
[13,] -2.220833e-04  3.625281e-04  7.520591e-05 -2.204926e-04
[14,] -8.615431e-05  1.172988e-04 -8.342046e-04 -1.483401e-03
[15,] -3.040024e-04 -4.239620e-04  5.923812e-04 -2.082868e-04
[16,]  1.639356e-03  1.504195e-04 -2.842255e-04  3.381497e-05
[17,]  1.504195e-04  1.469137e-03 -8.302814e-04 -6.134269e-05
[18,] -2.842255e-04 -8.302814e-04  2.486106e-03  3.261812e-04
[19,]  3.381497e-05 -6.134269e-05  3.261812e-04  2.236843e-03

  |                                                                              |                                                                      |   0%  |                                                                              |                                                                      |   1%  |                                                                              |=                                                                     |   1%  |                                                                              |=                                                                     |   2%  |                                                                              |==                                                                    |   2%  |                                                                              |==                                                                    |   3%  |                                                                              |==                                                                    |   4%  |                                                                              |===                                                                   |   4%  |                                                                              |===                                                                   |   5%  |                                                                              |====                                                                  |   5%  |                                                                              |====                                                                  |   6%  |                                                                              |=====                                                                 |   6%  |                                                                              |=====                                                                 |   7%  |                                                                              |=====                                                                 |   8%  |                                                                              |======                                                                |   8%  |                                                                              |======                                                                |   9%  |                                                                              |=======                                                               |   9%  |                                                                              |=======                                                               |  10%  |                                                                              |=======                                                               |  11%  |                                                                              |========                                                              |  11%  |                                                                              |========                                                              |  12%  |                                                                              |=========                                                             |  12%  |                                                                              |=========                                                             |  13%  |                                                                              |=========                                                             |  14%  |                                                                              |==========                                                            |  14%  |                                                                              |==========                                                            |  15%  |                                                                              |===========                                                           |  15%  |                                                                              |===========                                                           |  16%  |                                                                              |============                                                          |  16%  |                                                                              |============                                                          |  17%  |                                                                              |============                                                          |  18%  |                                                                              |=============                                                         |  18%  |                                                                              |=============                                                         |  19%  |                                                                              |==============                                                        |  19%  |                                                                              |==============                                                        |  20%  |                                                                              |==============                                                        |  21%  |                                                                              |===============                                                       |  21%  |                                                                              |===============                                                       |  22%  |                                                                              |================                                                      |  22%  |                                                                              |================                                                      |  23%  |                                                                              |================                                                      |  24%  |                                                                              |=================                                                     |  24%  |                                                                              |=================                                                     |  25%  |                                                                              |==================                                                    |  25%  |                                                                              |==================                                                    |  26%  |                                                                              |===================                                                   |  26%  |                                                                              |===================                                                   |  27%  |                                                                              |===================                                                   |  28%  |                                                                              |====================                                                  |  28%  |                                                                              |====================                                                  |  29%  |                                                                              |=====================                                                 |  29%  |                                                                              |=====================                                                 |  30%  |                                                                              |=====================                                                 |  31%  |                                                                              |======================                                                |  31%  |                                                                              |======================                                                |  32%  |                                                                              |=======================                                               |  32%  |                                                                              |=======================                                               |  33%  |                                                                              |=======================                                               |  34%  |                                                                              |========================                                              |  34%  |                                                                              |========================                                              |  35%  |                                                                              |=========================                                             |  35%  |                                                                              |=========================                                             |  36%  |                                                                              |==========================                                            |  36%  |                                                                              |==========================                                            |  37%  |                                                                              |==========================                                            |  38%  |                                                                              |===========================                                           |  38%  |                                                                              |===========================                                           |  39%  |                                                                              |============================                                          |  39%  |                                                                              |============================                                          |  40%  |                                                                              |============================                                          |  41%  |                                                                              |=============================                                         |  41%  |                                                                              |=============================                                         |  42%  |                                                                              |==============================                                        |  42%  |                                                                              |==============================                                        |  43%  |                                                                              |==============================                                        |  44%  |                                                                              |===============================                                       |  44%  |                                                                              |===============================                                       |  45%  |                                                                              |================================                                      |  45%  |                                                                              |================================                                      |  46%  |                                                                              |=================================                                     |  46%  |                                                                              |=================================                                     |  47%  |                                                                              |=================================                                     |  48%  |                                                                              |==================================                                    |  48%  |                                                                              |==================================                                    |  49%  |                                                                              |===================================                                   |  49%  |                                                                              |===================================                                   |  50%[1] 6
[[1]]
 [1] -0.065610781  0.191009968  0.002838595  0.044046603  0.034834216
 [6]  0.099189664 -0.033010072  0.029318629  0.131813472  0.098337817
[11]  0.144791684  0.130028319 -0.038481255  0.031794511 -0.118435466
[16]  0.146216446  0.021502167 -0.029393409  0.001564448

[[2]]
               [,1]          [,2]          [,3]          [,4]          [,5]
 [1,]  9.798324e-03 -6.927736e-03  2.503004e-04 -1.107400e-03  2.954217e-05
 [2,] -6.927736e-03  1.400146e-02  2.754861e-04 -3.137633e-03 -2.161111e-03
 [3,]  2.503004e-04  2.754861e-04  3.016306e-03 -4.719167e-04 -1.831076e-03
 [4,] -1.107400e-03 -3.137633e-03 -4.719167e-04  4.820641e-03 -4.728495e-04
 [5,]  2.954217e-05 -2.161111e-03 -1.831076e-03 -4.728495e-04  5.389011e-03
 [6,] -1.174587e-03 -1.270469e-03 -1.552341e-04 -8.807003e-05 -5.915696e-04
 [7,]  1.855919e-03  3.404611e-04  8.504823e-04 -4.002504e-04 -5.423614e-04
 [8,]  3.540152e-04  5.606797e-04  9.572123e-04 -1.026152e-03 -1.039878e-04
 [9,] -3.341546e-04 -3.270500e-03  8.281901e-04  1.532826e-03 -3.323469e-04
[10,] -9.051726e-04  2.131666e-03  2.017803e-04  1.867177e-04 -1.904948e-03
[11,] -1.436354e-03 -3.017719e-05 -1.742380e-03 -2.228811e-04  1.856794e-03
[12,] -1.460974e-04  1.433178e-04 -1.008169e-03  3.060888e-05  1.895174e-04
[13,] -1.169435e-04  1.549953e-03  7.622887e-05  8.221109e-05 -7.530487e-05
[14,]  3.391076e-04  5.684582e-04 -1.586118e-05 -3.173648e-04  1.119304e-04
[15,] -3.298053e-04  1.337053e-04 -1.250121e-04  2.637265e-04 -4.167694e-05
[16,]  9.784657e-05 -1.245405e-04 -3.482996e-05  6.506625e-06 -8.404610e-05
[17,]  1.275095e-04 -4.715152e-04  1.211059e-03 -7.544976e-05 -2.192663e-04
[18,] -3.509543e-04 -2.726739e-04  1.092963e-05  3.851116e-04 -2.509105e-04
[19,]  1.599670e-04 -6.169930e-04  2.944718e-04  2.248108e-04 -1.544138e-04
               [,6]          [,7]          [,8]          [,9]         [,10]
 [1,] -1.174587e-03  1.855919e-03  3.540152e-04 -0.0003341546 -0.0009051726
 [2,] -1.270469e-03  3.404611e-04  5.606797e-04 -0.0032705002  0.0021316662
 [3,] -1.552341e-04  8.504823e-04  9.572123e-04  0.0008281901  0.0002017803
 [4,] -8.807003e-05 -4.002504e-04 -1.026152e-03  0.0015328262  0.0001867177
 [5,] -5.915696e-04 -5.423614e-04 -1.039878e-04 -0.0003323469 -0.0019049482
 [6,]  4.215473e-03 -7.451067e-04 -1.849332e-04  0.0012744547 -0.0003038996
 [7,] -7.451067e-04  5.378928e-03  2.031414e-05 -0.0018056561  0.0003495109
 [8,] -1.849332e-04  2.031414e-05  9.084576e-03 -0.0050661754  0.0008897634
 [9,]  1.274455e-03 -1.805656e-03 -5.066175e-03  0.0173735066  0.0007112833
[10,] -3.038996e-04  3.495109e-04  8.897634e-04  0.0007112833  0.0080403539
[11,]  1.326060e-04 -2.763343e-03 -2.943769e-03 -0.0053824274 -0.0014248490
[12,]  5.703225e-04 -1.365533e-03 -1.319939e-03 -0.0052597405 -0.0064110005
[13,] -1.825323e-03  3.951161e-04 -9.570607e-04 -0.0003558719 -0.0007100531
[14,] -2.657006e-04  3.968789e-04 -1.451045e-04 -0.0007138809  0.0003611917
[15,]  2.892073e-04 -2.709626e-04 -6.193875e-04  0.0002489134 -0.0001392928
[16,] -2.592425e-04  5.336414e-04  5.247444e-04 -0.0010994835  0.0003977643
[17,] -2.608108e-04  6.358056e-04  4.519904e-04  0.0002560788  0.0006131867
[18,]  1.944249e-05 -8.085369e-05 -1.026572e-05  0.0005913236 -0.0001879551
[19,] -3.270857e-05 -2.479085e-05  2.216190e-04  0.0004056515 -0.0001244199
              [,11]         [,12]         [,13]         [,14]         [,15]
 [1,] -1.436354e-03 -1.460974e-04 -1.169435e-04  3.391076e-04 -3.298053e-04
 [2,] -3.017719e-05  1.433178e-04  1.549953e-03  5.684582e-04  1.337053e-04
 [3,] -1.742380e-03 -1.008169e-03  7.622887e-05 -1.586118e-05 -1.250121e-04
 [4,] -2.228811e-04  3.060888e-05  8.221109e-05 -3.173648e-04  2.637265e-04
 [5,]  1.856794e-03  1.895174e-04 -7.530487e-05  1.119304e-04 -4.167694e-05
 [6,]  1.326060e-04  5.703225e-04 -1.825323e-03 -2.657006e-04  2.892073e-04
 [7,] -2.763343e-03 -1.365533e-03  3.951161e-04  3.968789e-04 -2.709626e-04
 [8,] -2.943769e-03 -1.319939e-03 -9.570607e-04 -1.451045e-04 -6.193875e-04
 [9,] -5.382427e-03 -5.259740e-03 -3.558719e-04 -7.138809e-04  2.489134e-04
[10,] -1.424849e-03 -6.411000e-03 -7.100531e-04  3.611917e-04 -1.392928e-04
[11,]  1.775223e-02 -2.152181e-03 -2.815738e-03  8.507820e-04  1.687162e-04
[12,] -2.152181e-03  1.612047e-02  9.457647e-05 -3.580534e-04  3.167158e-04
[13,] -2.815738e-03  9.457647e-05  5.485911e-03 -3.713370e-04  9.386078e-05
[14,]  8.507820e-04 -3.580534e-04 -3.713370e-04  2.249830e-03 -5.634888e-05
[15,]  1.687162e-04  3.167158e-04  9.386078e-05 -5.634888e-05  2.000988e-03
[16,]  1.340054e-05 -4.269564e-04 -8.665863e-05 -8.397754e-06 -7.909047e-05
[17,] -1.221957e-03 -5.968286e-04 -1.763056e-05 -1.062107e-05 -1.442206e-04
[18,]  1.823221e-04 -2.533685e-04 -1.211374e-05 -2.237883e-04 -1.245215e-04
[19,] -7.283866e-04  1.253213e-04  1.633413e-04 -1.317093e-03  8.559947e-05
              [,16]         [,17]         [,18]         [,19]
 [1,]  9.784657e-05  1.275095e-04 -3.509543e-04  1.599670e-04
 [2,] -1.245405e-04 -4.715152e-04 -2.726739e-04 -6.169930e-04
 [3,] -3.482996e-05  1.211059e-03  1.092963e-05  2.944718e-04
 [4,]  6.506625e-06 -7.544976e-05  3.851116e-04  2.248108e-04
 [5,] -8.404610e-05 -2.192663e-04 -2.509105e-04 -1.544138e-04
 [6,] -2.592425e-04 -2.608108e-04  1.944249e-05 -3.270857e-05
 [7,]  5.336414e-04  6.358056e-04 -8.085369e-05 -2.479085e-05
 [8,]  5.247444e-04  4.519904e-04 -1.026572e-05  2.216190e-04
 [9,] -1.099483e-03  2.560788e-04  5.913236e-04  4.056515e-04
[10,]  3.977643e-04  6.131867e-04 -1.879551e-04 -1.244199e-04
[11,]  1.340054e-05 -1.221957e-03  1.823221e-04 -7.283866e-04
[12,] -4.269564e-04 -5.968286e-04 -2.533685e-04  1.253213e-04
[13,] -8.665863e-05 -1.763056e-05 -1.211374e-05  1.633413e-04
[14,] -8.397754e-06 -1.062107e-05 -2.237883e-04 -1.317093e-03
[15,] -7.909047e-05 -1.442206e-04 -1.245215e-04  8.559947e-05
[16,]  1.863850e-03  2.820951e-04 -3.012792e-04  1.127639e-04
[17,]  2.820951e-04  2.480935e-03 -8.990505e-04  2.228121e-04
[18,] -3.012792e-04 -8.990505e-04  1.860260e-03  9.414370e-05
[19,]  1.127639e-04  2.228121e-04  9.414370e-05  2.292384e-03

  |                                                                              |                                                                      |   0%  |                                                                              |                                                                      |   1%  |                                                                              |=                                                                     |   1%  |                                                                              |=                                                                     |   2%  |                                                                              |==                                                                    |   2%  |                                                                              |==                                                                    |   3%  |                                                                              |==                                                                    |   4%  |                                                                              |===                                                                   |   4%  |                                                                              |===                                                                   |   5%  |                                                                              |====                                                                  |   5%  |                                                                              |====                                                                  |   6%  |                                                                              |=====                                                                 |   6%  |                                                                              |=====                                                                 |   7%  |                                                                              |=====                                                                 |   8%  |                                                                              |======                                                                |   8%  |                                                                              |======                                                                |   9%  |                                                                              |=======                                                               |   9%  |                                                                              |=======                                                               |  10%  |                                                                              |=======                                                               |  11%  |                                                                              |========                                                              |  11%  |                                                                              |========                                                              |  12%  |                                                                              |=========                                                             |  12%  |                                                                              |=========                                                             |  13%  |                                                                              |=========                                                             |  14%  |                                                                              |==========                                                            |  14%  |                                                                              |==========                                                            |  15%  |                                                                              |===========                                                           |  15%  |                                                                              |===========                                                           |  16%  |                                                                              |============                                                          |  16%  |                                                                              |============                                                          |  17%  |                                                                              |============                                                          |  18%  |                                                                              |=============                                                         |  18%  |                                                                              |=============                                                         |  19%  |                                                                              |==============                                                        |  19%  |                                                                              |==============                                                        |  20%  |                                                                              |==============                                                        |  21%  |                                                                              |===============                                                       |  21%  |                                                                              |===============                                                       |  22%  |                                                                              |================                                                      |  22%  |                                                                              |================                                                      |  23%  |                                                                              |================                                                      |  24%  |                                                                              |=================                                                     |  24%  |                                                                              |=================                                                     |  25%  |                                                                              |==================                                                    |  25%  |                                                                              |==================                                                    |  26%  |                                                                              |===================                                                   |  26%  |                                                                              |===================                                                   |  27%  |                                                                              |===================                                                   |  28%  |                                                                              |====================                                                  |  28%  |                                                                              |====================                                                  |  29%  |                                                                              |=====================                                                 |  29%  |                                                                              |=====================                                                 |  30%  |                                                                              |=====================                                                 |  31%  |                                                                              |======================                                                |  31%  |                                                                              |======================                                                |  32%  |                                                                              |=======================                                               |  32%  |                                                                              |=======================                                               |  33%  |                                                                              |=======================                                               |  34%  |                                                                              |========================                                              |  34%  |                                                                              |========================                                              |  35%  |                                                                              |=========================                                             |  35%  |                                                                              |=========================                                             |  36%  |                                                                              |==========================                                            |  36%  |                                                                              |==========================                                            |  37%  |                                                                              |==========================                                            |  38%  |                                                                              |===========================                                           |  38%  |                                                                              |===========================                                           |  39%  |                                                                              |============================                                          |  39%  |                                                                              |============================                                          |  40%  |                                                                              |============================                                          |  41%  |                                                                              |=============================                                         |  41%  |                                                                              |=============================                                         |  42%  |                                                                              |==============================                                        |  42%  |                                                                              |==============================                                        |  43%  |                                                                              |==============================                                        |  44%  |                                                                              |===============================                                       |  44%  |                                                                              |===============================                                       |  45%  |                                                                              |================================                                      |  45%  |                                                                              |================================                                      |  46%  |                                                                              |=================================                                     |  46%  |                                                                              |=================================                                     |  47%  |                                                                              |=================================                                     |  48%  |                                                                              |==================================                                    |  48%  |                                                                              |==================================                                    |  49%  |                                                                              |===================================                                   |  49%  |                                                                              |===================================                                   |  50%[1] 7
[[1]]
 [1] -0.058476277  0.191177763 -0.009408312  0.046417173  0.030632287
 [6]  0.104126387 -0.036513635  0.021624309  0.123256778  0.084080582
[11]  0.141705436  0.158961465 -0.031939981  0.028707748 -0.117997943
[16]  0.146799942  0.014689702 -0.025923250  0.004785842

[[2]]
               [,1]          [,2]          [,3]          [,4]          [,5]
 [1,]  9.166413e-03 -6.314640e-03 -1.332150e-04 -1.262805e-03 -4.949830e-04
 [2,] -6.314640e-03  1.203082e-02  1.255619e-04 -2.768535e-03 -1.648422e-03
 [3,] -1.332150e-04  1.255619e-04  2.886641e-03 -4.045296e-04 -1.455660e-03
 [4,] -1.262805e-03 -2.768535e-03 -4.045296e-04  5.615208e-03 -2.823803e-04
 [5,] -4.949830e-04 -1.648422e-03 -1.455660e-03 -2.823803e-04  4.357254e-03
 [6,] -6.974872e-04 -2.881109e-05  1.080917e-04 -1.352805e-03 -1.297558e-04
 [7,]  1.743435e-04  2.567799e-04  1.469095e-04  9.726598e-05  7.118048e-05
 [8,] -1.692627e-04  1.688689e-05  3.708035e-05 -1.124415e-04  1.038641e-04
 [9,] -9.967258e-04 -1.494560e-03  6.233839e-04  4.793841e-04  2.390139e-04
[10,] -5.635076e-04  1.372152e-03 -1.055915e-03 -4.720798e-04 -5.244163e-04
[11,]  1.173620e-04 -3.627660e-04 -2.465847e-04 -1.353775e-03  1.364198e-03
[12,]  1.316355e-03 -8.779836e-04 -3.307819e-05  1.660033e-03 -1.873913e-03
[13,]  2.949237e-04  1.153430e-03  8.122318e-05 -1.836413e-06  2.827145e-05
[14,] -2.172402e-04  4.300603e-04  1.319395e-04  4.164271e-04  7.031184e-05
[15,] -2.199976e-04  2.164826e-04 -1.157979e-05  1.311393e-04 -2.159652e-06
[16,] -1.733069e-04 -4.973878e-04 -1.595720e-04  4.771517e-04 -1.664746e-04
[17,] -5.371520e-04 -1.968471e-04  3.262499e-04  3.273893e-04  9.654538e-06
[18,]  1.037983e-05 -2.063369e-04 -6.535337e-05 -1.435593e-04 -1.690935e-04
[19,] -8.777087e-08 -9.628904e-05  3.754283e-05 -1.039290e-04 -8.004356e-06
               [,6]          [,7]          [,8]          [,9]         [,10]
 [1,] -6.974872e-04  1.743435e-04 -1.692627e-04 -9.967258e-04 -5.635076e-04
 [2,] -2.881109e-05  2.567799e-04  1.688689e-05 -1.494560e-03  1.372152e-03
 [3,]  1.080917e-04  1.469095e-04  3.708035e-05  6.233839e-04 -1.055915e-03
 [4,] -1.352805e-03  9.726598e-05 -1.124415e-04  4.793841e-04 -4.720798e-04
 [5,] -1.297558e-04  7.118048e-05  1.038641e-04  2.390139e-04 -5.244163e-04
 [6,]  3.546783e-03  1.752584e-04  2.821197e-04  7.256305e-04 -6.384014e-05
 [7,]  1.752584e-04  4.835471e-03 -6.734624e-04 -2.237446e-03 -3.330937e-04
 [8,]  2.821197e-04 -6.734624e-04  7.248310e-03 -2.807087e-03  6.256867e-04
 [9,]  7.256305e-04 -2.237446e-03 -2.807087e-03  1.653873e-02  1.494605e-03
[10,] -6.384014e-05 -3.330937e-04  6.256867e-04  1.494605e-03  7.901619e-03
[11,]  3.698383e-04 -1.609377e-04 -2.650418e-03 -6.438645e-03 -1.418817e-03
[12,] -5.169935e-04 -1.112668e-03 -1.574078e-03 -5.461141e-03 -6.770635e-03
[13,] -1.707139e-03 -1.502502e-04 -3.861781e-04 -7.134249e-04 -2.240034e-04
[14,] -2.034947e-04  1.539216e-04 -7.619385e-05 -4.208002e-04 -3.854264e-04
[15,]  1.752531e-04 -4.434174e-05 -1.661646e-04 -1.036668e-04  3.852986e-05
[16,] -3.937582e-04  3.598614e-05 -2.019280e-04 -2.321985e-04  2.115823e-04
[17,] -3.199251e-05 -1.217067e-04 -9.813603e-05  6.659182e-05  1.955622e-04
[18,]  1.093589e-04  1.915020e-04  1.817041e-04 -1.760772e-04  2.968632e-04
[19,] -6.113172e-05 -8.257893e-05  2.987900e-05  1.366163e-04  4.257036e-04
              [,11]         [,12]         [,13]         [,14]         [,15]
 [1,]  1.173620e-04  1.316355e-03  2.949237e-04 -2.172402e-04 -2.199976e-04
 [2,] -3.627660e-04 -8.779836e-04  1.153430e-03  4.300603e-04  2.164826e-04
 [3,] -2.465847e-04 -3.307819e-05  8.122318e-05  1.319395e-04 -1.157979e-05
 [4,] -1.353775e-03  1.660033e-03 -1.836413e-06  4.164271e-04  1.311393e-04
 [5,]  1.364198e-03 -1.873913e-03  2.827145e-05  7.031184e-05 -2.159652e-06
 [6,]  3.698383e-04 -5.169935e-04 -1.707139e-03 -2.034947e-04  1.752531e-04
 [7,] -1.609377e-04 -1.112668e-03 -1.502502e-04  1.539216e-04 -4.434174e-05
 [8,] -2.650418e-03 -1.574078e-03 -3.861781e-04 -7.619385e-05 -1.661646e-04
 [9,] -6.438645e-03 -5.461141e-03 -7.134249e-04 -4.208002e-04 -1.036668e-04
[10,] -1.418817e-03 -6.770635e-03 -2.240034e-04 -3.854264e-04  3.852986e-05
[11,]  1.815953e-02 -4.834786e-03 -2.897862e-03  4.722466e-04  1.902015e-04
[12,] -4.834786e-03  2.132845e-02 -9.416933e-04  5.854455e-04  6.158125e-05
[13,] -2.897862e-03 -9.416933e-04  5.961284e-03 -3.256354e-04  5.972382e-06
[14,]  4.722466e-04  5.854455e-04 -3.256354e-04  2.973288e-03  3.197493e-05
[15,]  1.902015e-04  6.158125e-05  5.972382e-06  3.197493e-05  2.149071e-03
[16,]  2.552871e-04  1.251171e-04 -5.417949e-05 -1.413629e-04 -6.329604e-05
[17,] -3.850469e-04  3.506292e-04  6.896609e-05  1.169691e-04  1.298878e-04
[18,]  9.245965e-05 -1.745102e-04 -3.299501e-05 -2.592949e-04 -1.125854e-04
[19,] -4.237120e-04 -4.580851e-04  4.158711e-04 -1.710149e-03  2.067911e-05
              [,16]         [,17]         [,18]         [,19]
 [1,] -1.733069e-04 -5.371520e-04  1.037983e-05 -8.777087e-08
 [2,] -4.973878e-04 -1.968471e-04 -2.063369e-04 -9.628904e-05
 [3,] -1.595720e-04  3.262499e-04 -6.535337e-05  3.754283e-05
 [4,]  4.771517e-04  3.273893e-04 -1.435593e-04 -1.039290e-04
 [5,] -1.664746e-04  9.654538e-06 -1.690935e-04 -8.004356e-06
 [6,] -3.937582e-04 -3.199251e-05  1.093589e-04 -6.113172e-05
 [7,]  3.598614e-05 -1.217067e-04  1.915020e-04 -8.257893e-05
 [8,] -2.019280e-04 -9.813603e-05  1.817041e-04  2.987900e-05
 [9,] -2.321985e-04  6.659182e-05 -1.760772e-04  1.366163e-04
[10,]  2.115823e-04  1.955622e-04  2.968632e-04  4.257036e-04
[11,]  2.552871e-04 -3.850469e-04  9.245965e-05 -4.237120e-04
[12,]  1.251171e-04  3.506292e-04 -1.745102e-04 -4.580851e-04
[13,] -5.417949e-05  6.896609e-05 -3.299501e-05  4.158711e-04
[14,] -1.413629e-04  1.169691e-04 -2.592949e-04 -1.710149e-03
[15,] -6.329604e-05  1.298878e-04 -1.125854e-04  2.067911e-05
[16,]  2.102270e-03  2.753813e-04 -2.059747e-04  1.119074e-04
[17,]  2.753813e-04  2.038379e-03 -9.189353e-04 -5.499883e-05
[18,] -2.059747e-04 -9.189353e-04  2.051041e-03  1.336293e-04
[19,]  1.119074e-04 -5.499883e-05  1.336293e-04  2.383903e-03

  |                                                                              |                                                                      |   0%  |                                                                              |                                                                      |   1%  |                                                                              |=                                                                     |   1%  |                                                                              |=                                                                     |   2%  |                                                                              |==                                                                    |   2%  |                                                                              |==                                                                    |   3%  |                                                                              |==                                                                    |   4%  |                                                                              |===                                                                   |   4%  |                                                                              |===                                                                   |   5%  |                                                                              |====                                                                  |   5%  |                                                                              |====                                                                  |   6%  |                                                                              |=====                                                                 |   6%  |                                                                              |=====                                                                 |   7%  |                                                                              |=====                                                                 |   8%  |                                                                              |======                                                                |   8%  |                                                                              |======                                                                |   9%  |                                                                              |=======                                                               |   9%  |                                                                              |=======                                                               |  10%  |                                                                              |=======                                                               |  11%  |                                                                              |========                                                              |  11%  |                                                                              |========                                                              |  12%  |                                                                              |=========                                                             |  12%  |                                                                              |=========                                                             |  13%  |                                                                              |=========                                                             |  14%  |                                                                              |==========                                                            |  14%  |                                                                              |==========                                                            |  15%  |                                                                              |===========                                                           |  15%  |                                                                              |===========                                                           |  16%  |                                                                              |============                                                          |  16%  |                                                                              |============                                                          |  17%  |                                                                              |============                                                          |  18%  |                                                                              |=============                                                         |  18%  |                                                                              |=============                                                         |  19%  |                                                                              |==============                                                        |  19%  |                                                                              |==============                                                        |  20%  |                                                                              |==============                                                        |  21%  |                                                                              |===============                                                       |  21%  |                                                                              |===============                                                       |  22%  |                                                                              |================                                                      |  22%  |                                                                              |================                                                      |  23%  |                                                                              |================                                                      |  24%  |                                                                              |=================                                                     |  24%  |                                                                              |=================                                                     |  25%  |                                                                              |==================                                                    |  25%  |                                                                              |==================                                                    |  26%  |                                                                              |===================                                                   |  26%  |                                                                              |===================                                                   |  27%  |                                                                              |===================                                                   |  28%  |                                                                              |====================                                                  |  28%  |                                                                              |====================                                                  |  29%  |                                                                              |=====================                                                 |  29%  |                                                                              |=====================                                                 |  30%  |                                                                              |=====================                                                 |  31%  |                                                                              |======================                                                |  31%  |                                                                              |======================                                                |  32%  |                                                                              |=======================                                               |  32%  |                                                                              |=======================                                               |  33%  |                                                                              |=======================                                               |  34%  |                                                                              |========================                                              |  34%  |                                                                              |========================                                              |  35%  |                                                                              |=========================                                             |  35%  |                                                                              |=========================                                             |  36%  |                                                                              |==========================                                            |  36%  |                                                                              |==========================                                            |  37%  |                                                                              |==========================                                            |  38%  |                                                                              |===========================                                           |  38%  |                                                                              |===========================                                           |  39%  |                                                                              |============================                                          |  39%  |                                                                              |============================                                          |  40%  |                                                                              |============================                                          |  41%  |                                                                              |=============================                                         |  41%  |                                                                              |=============================                                         |  42%  |                                                                              |==============================                                        |  42%  |                                                                              |==============================                                        |  43%  |                                                                              |==============================                                        |  44%  |                                                                              |===============================                                       |  44%  |                                                                              |===============================                                       |  45%  |                                                                              |================================                                      |  45%  |                                                                              |================================                                      |  46%  |                                                                              |=================================                                     |  46%  |                                                                              |=================================                                     |  47%  |                                                                              |=================================                                     |  48%  |                                                                              |==================================                                    |  48%  |                                                                              |==================================                                    |  49%  |                                                                              |===================================                                   |  49%  |                                                                              |===================================                                   |  50%[1] 8
[[1]]
 [1] -0.053229982  0.182348518 -0.009000954  0.046746846  0.029615692
 [6]  0.104878241 -0.033994150  0.021134914  0.120799924  0.078658958
[11]  0.147552137  0.161846832 -0.032889770  0.029826232 -0.120916182
[16]  0.145227985  0.013018923 -0.026172059  0.006105716

[[2]]
               [,1]          [,2]          [,3]          [,4]          [,5]
 [1,]  8.370169e-03 -6.066753e-03 -3.078424e-04 -8.269769e-04 -5.280309e-04
 [2,] -6.066753e-03  1.282576e-02  2.987036e-04 -3.324705e-03 -1.714450e-03
 [3,] -3.078424e-04  2.987036e-04  2.794634e-03 -6.664233e-04 -1.281148e-03
 [4,] -8.269769e-04 -3.324705e-03 -6.664233e-04  5.740450e-03 -1.577327e-04
 [5,] -5.280309e-04 -1.714450e-03 -1.281148e-03 -1.577327e-04  4.296015e-03
 [6,] -7.045031e-04 -3.512814e-04  2.315912e-04 -1.251147e-03 -2.511729e-04
 [7,]  1.263498e-04  3.299436e-04  1.288245e-04  2.949639e-04  6.990517e-05
 [8,] -3.341713e-04  1.621448e-04  1.399411e-04 -2.321020e-05  8.252777e-05
 [9,]  8.452056e-05 -1.792516e-03  4.544007e-04  3.361939e-05  3.143961e-04
[10,] -2.289528e-05  1.014511e-03 -1.061959e-03  3.205806e-05 -4.854805e-04
[11,]  4.263613e-05 -7.819563e-04  1.263554e-05 -4.537169e-04  3.968383e-04
[12,] -9.155269e-05  8.268665e-05 -9.154104e-05  6.209400e-04 -1.104126e-03
[13,]  2.727971e-04  1.007701e-03  6.314709e-05 -8.401403e-05  2.198193e-04
[14,] -5.828799e-05  3.169995e-04  2.149232e-05  1.433892e-04  1.386990e-04
[15,] -1.028805e-04  1.116391e-04 -9.418618e-05  1.345550e-04  2.278703e-04
[16,] -1.588591e-04 -5.027763e-04 -1.088092e-04  3.022109e-04 -4.140155e-05
[17,] -4.551524e-04 -5.834383e-04  3.833209e-04  2.717529e-04  6.881218e-05
[18,] -3.270806e-04  1.725844e-05 -1.583449e-05  8.595061e-05 -1.434804e-04
[19,]  3.089031e-05 -2.291998e-04  1.148174e-04  1.660266e-04 -4.642480e-05
               [,6]          [,7]          [,8]          [,9]         [,10]
 [1,] -7.045031e-04  1.263498e-04 -3.341713e-04  8.452056e-05 -2.289528e-05
 [2,] -3.512814e-04  3.299436e-04  1.621448e-04 -1.792516e-03  1.014511e-03
 [3,]  2.315912e-04  1.288245e-04  1.399411e-04  4.544007e-04 -1.061959e-03
 [4,] -1.251147e-03  2.949639e-04 -2.321020e-05  3.361939e-05  3.205806e-05
 [5,] -2.511729e-04  6.990517e-05  8.252777e-05  3.143961e-04 -4.854805e-04
 [6,]  4.034644e-03  7.853533e-05  1.337695e-04  6.716728e-04 -5.192468e-04
 [7,]  7.853533e-05  4.682533e-03 -6.215724e-04 -1.314588e-03 -1.358330e-05
 [8,]  1.337695e-04 -6.215724e-04  7.078022e-03 -2.274282e-03  9.119306e-05
 [9,]  6.716728e-04 -1.314588e-03 -2.274282e-03  1.484041e-02  5.819949e-04
[10,] -5.192468e-04 -1.358330e-05  9.119306e-05  5.819949e-04  6.986612e-03
[11,] -1.591003e-04 -1.169982e-03 -2.075062e-03 -6.536429e-03 -9.644566e-05
[12,]  4.383015e-04 -1.042959e-03 -1.786976e-03 -4.693445e-03 -5.546931e-03
[13,] -1.512366e-03 -2.160044e-04 -4.762239e-04 -3.756309e-04 -6.601880e-04
[14,] -1.344681e-04  9.845458e-05 -9.507384e-06 -1.051457e-05  2.229420e-04
[15,] -9.965892e-05  1.374260e-04  3.640658e-05  6.676469e-05  2.513958e-04
[16,] -4.437713e-04  1.160432e-04  1.385279e-04  5.165221e-05  1.737939e-04
[17,]  1.913993e-05 -4.017747e-05 -1.723009e-04  1.204212e-04  1.765925e-04
[18,]  8.486782e-05  1.977576e-05 -3.093066e-05 -3.041029e-04  2.163681e-04
[19,] -1.390156e-04  7.197336e-06 -9.512305e-05 -1.382774e-04 -9.192173e-05
              [,11]         [,12]         [,13]         [,14]         [,15]
 [1,]  4.263613e-05 -9.155269e-05  2.727971e-04 -5.828799e-05 -1.028805e-04
 [2,] -7.819563e-04  8.268665e-05  1.007701e-03  3.169995e-04  1.116391e-04
 [3,]  1.263554e-05 -9.154104e-05  6.314709e-05  2.149232e-05 -9.418618e-05
 [4,] -4.537169e-04  6.209400e-04 -8.401403e-05  1.433892e-04  1.345550e-04
 [5,]  3.968383e-04 -1.104126e-03  2.198193e-04  1.386990e-04  2.278703e-04
 [6,] -1.591003e-04  4.383015e-04 -1.512366e-03 -1.344681e-04 -9.965892e-05
 [7,] -1.169982e-03 -1.042959e-03 -2.160044e-04  9.845458e-05  1.374260e-04
 [8,] -2.075062e-03 -1.786976e-03 -4.762239e-04 -9.507384e-06  3.640658e-05
 [9,] -6.536429e-03 -4.693445e-03 -3.756309e-04 -1.051457e-05  6.676469e-05
[10,] -9.644566e-05 -5.546931e-03 -6.601880e-04  2.229420e-04  2.513958e-04
[11,]  1.738854e-02 -4.126149e-03 -3.015795e-03 -7.980271e-05 -9.916254e-05
[12,] -4.126149e-03  1.790053e-02 -6.279733e-04 -2.936217e-04 -3.462774e-04
[13,] -3.015795e-03 -6.279733e-04  5.807512e-03  1.048744e-04  5.146159e-05
[14,] -7.980271e-05 -2.936217e-04  1.048744e-04  2.526969e-03  2.583343e-05
[15,] -9.916254e-05 -3.462774e-04  5.146159e-05  2.583343e-05  2.055566e-03
[16,]  3.757574e-04 -4.998012e-04 -1.331167e-04 -1.328634e-04  3.077585e-05
[17,] -7.673148e-05  2.472701e-04 -1.776324e-04 -2.338498e-05 -1.685161e-05
[18,]  1.838149e-04  4.591409e-06  1.769836e-04 -5.527960e-05 -9.971562e-05
[19,]  1.026662e-04  3.266737e-04 -8.387704e-05 -1.539642e-03 -2.058091e-05
              [,16]         [,17]         [,18]         [,19]
 [1,] -1.588591e-04 -4.551524e-04 -3.270806e-04  3.089031e-05
 [2,] -5.027763e-04 -5.834383e-04  1.725844e-05 -2.291998e-04
 [3,] -1.088092e-04  3.833209e-04 -1.583449e-05  1.148174e-04
 [4,]  3.022109e-04  2.717529e-04  8.595061e-05  1.660266e-04
 [5,] -4.140155e-05  6.881218e-05 -1.434804e-04 -4.642480e-05
 [6,] -4.437713e-04  1.913993e-05  8.486782e-05 -1.390156e-04
 [7,]  1.160432e-04 -4.017747e-05  1.977576e-05  7.197336e-06
 [8,]  1.385279e-04 -1.723009e-04 -3.093066e-05 -9.512305e-05
 [9,]  5.165221e-05  1.204212e-04 -3.041029e-04 -1.382774e-04
[10,]  1.737939e-04  1.765925e-04  2.163681e-04 -9.192173e-05
[11,]  3.757574e-04 -7.673148e-05  1.838149e-04  1.026662e-04
[12,] -4.998012e-04  2.472701e-04  4.591409e-06  3.266737e-04
[13,] -1.331167e-04 -1.776324e-04  1.769836e-04 -8.387704e-05
[14,] -1.328634e-04 -2.338498e-05 -5.527960e-05 -1.539642e-03
[15,]  3.077585e-05 -1.685161e-05 -9.971562e-05 -2.058091e-05
[16,]  2.310616e-03  3.244614e-04 -2.009093e-04 -8.935205e-05
[17,]  3.244614e-04  2.096140e-03 -8.721937e-04  3.408446e-05
[18,] -2.009093e-04 -8.721937e-04  2.082067e-03 -6.034043e-06
[19,] -8.935205e-05  3.408446e-05 -6.034043e-06  2.460163e-03

  |                                                                              |                                                                      |   0%  |                                                                              |                                                                      |   1%  |                                                                              |=                                                                     |   1%  |                                                                              |=                                                                     |   2%  |                                                                              |==                                                                    |   2%  |                                                                              |==                                                                    |   3%  |                                                                              |==                                                                    |   4%  |                                                                              |===                                                                   |   4%  |                                                                              |===                                                                   |   5%  |                                                                              |====                                                                  |   5%  |                                                                              |====                                                                  |   6%  |                                                                              |=====                                                                 |   6%  |                                                                              |=====                                                                 |   7%  |                                                                              |=====                                                                 |   8%  |                                                                              |======                                                                |   8%  |                                                                              |======                                                                |   9%  |                                                                              |=======                                                               |   9%  |                                                                              |=======                                                               |  10%  |                                                                              |=======                                                               |  11%  |                                                                              |========                                                              |  11%  |                                                                              |========                                                              |  12%  |                                                                              |=========                                                             |  12%  |                                                                              |=========                                                             |  13%  |                                                                              |=========                                                             |  14%  |                                                                              |==========                                                            |  14%  |                                                                              |==========                                                            |  15%  |                                                                              |===========                                                           |  15%  |                                                                              |===========                                                           |  16%  |                                                                              |============                                                          |  16%  |                                                                              |============                                                          |  17%  |                                                                              |============                                                          |  18%  |                                                                              |=============                                                         |  18%  |                                                                              |=============                                                         |  19%  |                                                                              |==============                                                        |  19%  |                                                                              |==============                                                        |  20%  |                                                                              |==============                                                        |  21%  |                                                                              |===============                                                       |  21%  |                                                                              |===============                                                       |  22%  |                                                                              |================                                                      |  22%  |                                                                              |================                                                      |  23%  |                                                                              |================                                                      |  24%  |                                                                              |=================                                                     |  24%  |                                                                              |=================                                                     |  25%  |                                                                              |==================                                                    |  25%  |                                                                              |==================                                                    |  26%  |                                                                              |===================                                                   |  26%  |                                                                              |===================                                                   |  27%  |                                                                              |===================                                                   |  28%  |                                                                              |====================                                                  |  28%  |                                                                              |====================                                                  |  29%  |                                                                              |=====================                                                 |  29%  |                                                                              |=====================                                                 |  30%  |                                                                              |=====================                                                 |  31%  |                                                                              |======================                                                |  31%  |                                                                              |======================                                                |  32%  |                                                                              |=======================                                               |  32%  |                                                                              |=======================                                               |  33%  |                                                                              |=======================                                               |  34%  |                                                                              |========================                                              |  34%  |                                                                              |========================                                              |  35%  |                                                                              |=========================                                             |  35%  |                                                                              |=========================                                             |  36%  |                                                                              |==========================                                            |  36%  |                                                                              |==========================                                            |  37%  |                                                                              |==========================                                            |  38%  |                                                                              |===========================                                           |  38%  |                                                                              |===========================                                           |  39%  |                                                                              |============================                                          |  39%  |                                                                              |============================                                          |  40%  |                                                                              |============================                                          |  41%  |                                                                              |=============================                                         |  41%  |                                                                              |=============================                                         |  42%  |                                                                              |==============================                                        |  42%  |                                                                              |==============================                                        |  43%  |                                                                              |==============================                                        |  44%  |                                                                              |===============================                                       |  44%  |                                                                              |===============================                                       |  45%  |                                                                              |================================                                      |  45%  |                                                                              |================================                                      |  46%  |                                                                              |=================================                                     |  46%  |                                                                              |=================================                                     |  47%  |                                                                              |=================================                                     |  48%  |                                                                              |==================================                                    |  48%  |                                                                              |==================================                                    |  49%  |                                                                              |===================================                                   |  49%  |                                                                              |===================================                                   |  50%  |                                                                              |===================================                                   |  51%  |                                                                              |====================================                                  |  51%  |                                                                              |====================================                                  |  52%  |                                                                              |=====================================                                 |  52%  |                                                                              |=====================================                                 |  53%  |                                                                              |=====================================                                 |  54%  |                                                                              |======================================                                |  54%  |                                                                              |======================================                                |  55%  |                                                                              |=======================================                               |  55%  |                                                                              |=======================================                               |  56%  |                                                                              |========================================                              |  56%  |                                                                              |========================================                              |  57%  |                                                                              |========================================                              |  58%  |                                                                              |=========================================                             |  58%  |                                                                              |=========================================                             |  59%  |                                                                              |==========================================                            |  59%  |                                                                              |==========================================                            |  60%  |                                                                              |==========================================                            |  61%  |                                                                              |===========================================                           |  61%  |                                                                              |===========================================                           |  62%  |                                                                              |============================================                          |  62%  |                                                                              |============================================                          |  63%  |                                                                              |============================================                          |  64%  |                                                                              |=============================================                         |  64%  |                                                                              |=============================================                         |  65%  |                                                                              |==============================================                        |  65%  |                                                                              |==============================================                        |  66%  |                                                                              |===============================================                       |  66%  |                                                                              |===============================================                       |  67%  |                                                                              |===============================================                       |  68%  |                                                                              |================================================                      |  68%  |                                                                              |================================================                      |  69%  |                                                                              |=================================================                     |  69%  |                                                                              |=================================================                     |  70%  |                                                                              |=================================================                     |  71%  |                                                                              |==================================================                    |  71%  |                                                                              |==================================================                    |  72%  |                                                                              |===================================================                   |  72%  |                                                                              |===================================================                   |  73%  |                                                                              |===================================================                   |  74%  |                                                                              |====================================================                  |  74%  |                                                                              |====================================================                  |  75%  |                                                                              |=====================================================                 |  75%  |                                                                              |=====================================================                 |  76%  |                                                                              |======================================================                |  76%  |                                                                              |======================================================                |  77%  |                                                                              |======================================================                |  78%  |                                                                              |=======================================================               |  78%  |                                                                              |=======================================================               |  79%  |                                                                              |========================================================              |  79%  |                                                                              |========================================================              |  80%  |                                                                              |========================================================              |  81%  |                                                                              |=========================================================             |  81%  |                                                                              |=========================================================             |  82%  |                                                                              |==========================================================            |  82%  |                                                                              |==========================================================            |  83%  |                                                                              |==========================================================            |  84%  |                                                                              |===========================================================           |  84%  |                                                                              |===========================================================           |  85%  |                                                                              |============================================================          |  85%  |                                                                              |============================================================          |  86%  |                                                                              |=============================================================         |  86%  |                                                                              |=============================================================         |  87%  |                                                                              |=============================================================         |  88%  |                                                                              |==============================================================        |  88%  |                                                                              |==============================================================        |  89%  |                                                                              |===============================================================       |  89%  |                                                                              |===============================================================       |  90%  |                                                                              |===============================================================       |  91%  |                                                                              |================================================================      |  91%  |                                                                              |================================================================      |  92%  |                                                                              |=================================================================     |  92%  |                                                                              |=================================================================     |  93%  |                                                                              |=================================================================     |  94%  |                                                                              |==================================================================    |  94%  |                                                                              |==================================================================    |  95%  |                                                                              |===================================================================   |  95%  |                                                                              |===================================================================   |  96%  |                                                                              |====================================================================  |  96%  |                                                                              |====================================================================  |  97%  |                                                                              |====================================================================  |  98%  |                                                                              |===================================================================== |  98%  |                                                                              |===================================================================== |  99%  |                                                                              |======================================================================|  99%  |                                                                              |======================================================================| 100%> end.time <- Sys.time()
> print(end.time - start.time)
Time difference of 3.441721 hours
> save(is_mod, file = "Out/lasso_is_init.Rdata")
> 
> proc.time()
     user    system   elapsed 
746308.75  20858.24  12391.61 
